2025-08-12 16:59:38,983:INFO:PyCaret Supervised Module
2025-08-12 16:59:38,983:INFO:ML Usecase: classification
2025-08-12 16:59:38,983:INFO:version 2.3.10
2025-08-12 16:59:38,983:INFO:Initializing setup()
2025-08-12 16:59:38,984:INFO:setup(display=None, profile_kwargs=None, profile=False, verbose=True, silent=False, log_data=False, log_profile=False, log_plots=False, experiment_custom_tags=None, experiment_name=None, log_experiment=False, session_id=123, html=True, custom_pipeline=None, use_gpu=False, n_jobs=-1, fold_groups=None, fold_shuffle=False, fold=10, fold_strategy=stratifiedkfold, data_split_stratify=False, data_split_shuffle=True, transform_target_method=box-cox, transform_target=False, fix_imbalance_method=None, fix_imbalance=False, interaction_threshold=0.01, feature_ratio=False, feature_interaction=False, feature_selection_method=classic, feature_selection_threshold=0.8, feature_selection=False, group_names=None, group_features=None, polynomial_threshold=0.1, trigonometry_features=False, polynomial_degree=2, polynomial_features=False, cluster_iter=20, create_clusters=False, remove_perfect_collinearity=True, multicollinearity_threshold=0.9, remove_multicollinearity=False, outliers_threshold=0.05, remove_outliers=False, bin_numeric_features=None, rare_level_threshold=0.1, combine_rare_levels=False, ignore_low_variance=False, pca_components=None, pca_method=linear, pca=False, unknown_categorical_method=least_frequent, handle_unknown_categorical=True, transformation_method=yeo-johnson, transformation=False, normalize_method=zscore, normalize=False, ignore_features=None, date_features=None, numeric_iterative_imputer=lightgbm, numeric_imputation=mean, numeric_features=None, high_cardinality_method=frequency, high_cardinality_features=None, ordinal_features=None, categorical_iterative_imputer=lightgbm, categorical_imputation=constant, categorical_features=None, iterative_imputation_iters=5, imputation_type=simple, preprocess=True, test_data=None, train_size=0.7, available_plots={'parameter': 'Hyperparameters', 'auc': 'AUC', 'confusion_matrix': 'Confusion Matrix', 'threshold': 'Threshold', 'pr': 'Precision Recall', 'error': 'Prediction Error', 'class_report': 'Class Report', 'rfe': 'Feature Selection', 'learning': 'Learning Curve', 'manifold': 'Manifold Learning', 'calibration': 'Calibration Curve', 'vc': 'Validation Curve', 'dimension': 'Dimensions', 'feature': 'Feature Importance', 'feature_all': 'Feature Importance (All)', 'boundary': 'Decision Boundary', 'lift': 'Lift Chart', 'gain': 'Gain Chart', 'tree': 'Decision Tree', 'ks': 'KS Statistic Plot'}, ml_usecase=classification, target=mau)
2025-08-12 16:59:38,984:INFO:Checking environment
2025-08-12 16:59:38,984:INFO:python_version: 3.6.13
2025-08-12 16:59:38,984:INFO:python_build: ('default', 'Mar 16 2021 11:37:27')
2025-08-12 16:59:38,984:INFO:machine: AMD64
2025-08-12 16:59:38,984:INFO:platform: Windows-10-10.0.26100-SP0
2025-08-12 16:59:38,985:WARNING:cannot find psutil installation. memory not traceable. Install psutil using pip to enable memory logging.
2025-08-12 16:59:38,985:INFO:Checking libraries
2025-08-12 16:59:38,985:INFO:pd==1.1.5
2025-08-12 16:59:38,985:INFO:numpy==1.19.5
2025-08-12 16:59:38,985:INFO:sklearn==0.23.2
2025-08-12 16:59:38,985:INFO:lightgbm==4.3.0
2025-08-12 16:59:38,986:WARNING:catboost not found
2025-08-12 16:59:38,986:WARNING:xgboost not found
2025-08-12 16:59:38,986:INFO:mlflow==1.23.1
2025-08-12 16:59:38,986:INFO:Checking Exceptions
2025-08-12 16:59:38,987:INFO:Declaring global variables
2025-08-12 16:59:38,987:INFO:USI: 45c3
2025-08-12 16:59:38,987:INFO:pycaret_globals: {'_internal_pipeline', 'n_jobs_param', 'fold_generator', 'display_container', 'fold_param', '_gpu_n_jobs_param', 'data_before_preprocess', '_all_metrics', 'dashboard_logger', 'transform_target_method_param', '_all_models', 'y_test', 'imputation_regressor', 'X_test', 'prep_pipe', '_all_models_internal', 'pycaret_globals', 'fold_groups_param_full', 'html_param', 'USI', 'seed', 'master_model_container', 'logging_param', 'stratify_param', 'fold_groups_param', '_available_plots', 'X_train', 'imputation_classifier', 'create_model_container', 'fix_imbalance_method_param', 'exp_name_log', '_ml_usecase', 'y', 'X', 'target_param', 'fix_imbalance_param', 'iterative_imputation_iters_param', 'y_train', 'log_plots_param', 'fold_shuffle_param', 'transform_target_param', 'gpu_param', 'experiment__'}
2025-08-12 16:59:38,987:INFO:Preparing display monitor
2025-08-12 16:59:38,987:INFO:Preparing display monitor
2025-08-12 16:59:39,000:INFO:Importing libraries
2025-08-12 16:59:39,000:INFO:Copying data for preprocessing
2025-08-12 16:59:39,008:INFO:Declaring preprocessing parameters
2025-08-12 16:59:39,013:INFO:Creating preprocessing pipeline
2025-08-12 16:59:39,026:INFO:Preprocessing pipeline created successfully
2025-08-12 16:59:39,026:ERROR:(Process Exit): setup has been interupted with user command 'quit'. setup must rerun.
2025-08-12 16:59:39,027:INFO:Creating global containers
2025-08-12 16:59:39,031:INFO:Internal pipeline: Pipeline(memory=None, steps=[('empty_step', 'passthrough')], verbose=False)
2025-08-12 16:59:41,124:WARNING:Couldn't import xgboost.XGBClassifier
2025-08-12 16:59:41,126:WARNING:Couldn't import catboost.CatBoostClassifier
2025-08-12 16:59:41,178:WARNING:Couldn't import xgboost.XGBClassifier
2025-08-12 16:59:41,180:WARNING:Couldn't import catboost.CatBoostClassifier
2025-08-12 16:59:41,180:INFO:Creating grid variables
2025-08-12 16:59:41,194:INFO:create_model_container: 0
2025-08-12 16:59:41,194:INFO:master_model_container: 0
2025-08-12 16:59:41,194:INFO:display_container: 1
2025-08-12 16:59:41,198:INFO:Pipeline(memory=None,
         steps=[('dtypes',
                 DataTypes_Auto_infer(categorical_features=[],
                                      display_types=True, features_todrop=[],
                                      id_columns=[],
                                      ml_usecase='classification',
                                      numerical_features=[], target='mau',
                                      time_features=[])),
                ('imputer',
                 Simple_Imputer(categorical_strategy='not_available',
                                fill_value_categorical=None,
                                fill_value_numerical=None,
                                numeric_strategy...
                ('scaling', 'passthrough'), ('P_transform', 'passthrough'),
                ('binn', 'passthrough'), ('rem_outliers', 'passthrough'),
                ('cluster_all', 'passthrough'),
                ('dummy', Dummify(target='mau')),
                ('fix_perfect', Remove_100(target='mau')),
                ('clean_names', Clean_Colum_Names()),
                ('feature_select', 'passthrough'), ('fix_multi', 'passthrough'),
                ('dfs', 'passthrough'), ('pca', 'passthrough')],
         verbose=False)
2025-08-12 16:59:41,198:INFO:setup() succesfully completed......................................
2025-08-12 16:59:41,290:INFO:Initializing create_model()
2025-08-12 16:59:41,290:INFO:create_model(kwargs={}, return_train_score=False, display=None, probability_threshold=None, add_to_model_list=True, experiment_custom_tags=None, metrics=None, system=True, verbose=True, refit=True, groups=None, fit_kwargs=None, predict=True, cross_validation=True, round=4, fold=None, estimator=lr)
2025-08-12 16:59:41,290:INFO:Checking exceptions
2025-08-12 16:59:41,290:INFO:Preparing display monitor
2025-08-12 16:59:41,302:INFO:Importing libraries
2025-08-12 16:59:41,302:INFO:Copying training dataset
2025-08-12 16:59:41,304:INFO:Defining folds
2025-08-12 16:59:41,304:INFO:Declaring metric variables
2025-08-12 16:59:41,308:INFO:Importing untrained model
2025-08-12 16:59:41,314:INFO:Logistic Regression Imported succesfully
2025-08-12 16:59:41,324:INFO:Starting cross validation
2025-08-12 16:59:41,324:INFO:Cross validating with StratifiedKFold(n_splits=10, random_state=None, shuffle=False), n_jobs=-1
2025-08-12 16:59:46,095:INFO:Calculating mean and std
2025-08-12 16:59:46,096:INFO:Creating metrics dataframe
2025-08-12 16:59:46,107:INFO:Finalizing model
2025-08-12 16:59:46,244:INFO:Uploading results into container
2025-08-12 16:59:46,244:INFO:Uploading model into container now
2025-08-12 16:59:46,259:INFO:create_model_container: 1
2025-08-12 16:59:46,259:INFO:master_model_container: 1
2025-08-12 16:59:46,259:INFO:display_container: 2
2025-08-12 16:59:46,260:INFO:LogisticRegression(C=1.0, class_weight=None, dual=False, fit_intercept=True,
                   intercept_scaling=1, l1_ratio=None, max_iter=1000,
                   multi_class='auto', n_jobs=None, penalty='l2',
                   random_state=123, solver='lbfgs', tol=0.0001, verbose=0,
                   warm_start=False)
2025-08-12 16:59:46,260:INFO:create_model() succesfully completed......................................
2025-08-12 16:59:46,372:INFO:Initializing create_model()
2025-08-12 16:59:46,373:INFO:create_model(kwargs={}, return_train_score=False, display=None, probability_threshold=None, add_to_model_list=True, experiment_custom_tags=None, metrics=None, system=True, verbose=True, refit=True, groups=None, fit_kwargs=None, predict=True, cross_validation=True, round=4, fold=None, estimator=lr)
2025-08-12 16:59:46,373:INFO:Checking exceptions
2025-08-12 16:59:46,373:INFO:Preparing display monitor
2025-08-12 16:59:46,387:INFO:Importing libraries
2025-08-12 16:59:46,387:INFO:Copying training dataset
2025-08-12 16:59:46,388:INFO:Defining folds
2025-08-12 16:59:46,388:INFO:Declaring metric variables
2025-08-12 16:59:46,395:INFO:Importing untrained model
2025-08-12 16:59:46,400:INFO:Logistic Regression Imported succesfully
2025-08-12 16:59:46,413:INFO:Starting cross validation
2025-08-12 16:59:46,413:INFO:Cross validating with StratifiedKFold(n_splits=10, random_state=None, shuffle=False), n_jobs=-1
2025-08-12 16:59:49,962:INFO:Calculating mean and std
2025-08-12 16:59:49,963:INFO:Creating metrics dataframe
2025-08-12 16:59:49,976:INFO:Finalizing model
2025-08-12 16:59:50,144:INFO:Uploading results into container
2025-08-12 16:59:50,144:INFO:Uploading model into container now
2025-08-12 16:59:50,160:INFO:create_model_container: 2
2025-08-12 16:59:50,160:INFO:master_model_container: 2
2025-08-12 16:59:50,160:INFO:display_container: 3
2025-08-12 16:59:50,161:INFO:LogisticRegression(C=1.0, class_weight=None, dual=False, fit_intercept=True,
                   intercept_scaling=1, l1_ratio=None, max_iter=1000,
                   multi_class='auto', n_jobs=None, penalty='l2',
                   random_state=123, solver='lbfgs', tol=0.0001, verbose=0,
                   warm_start=False)
2025-08-12 16:59:50,161:INFO:create_model() succesfully completed......................................
2025-08-12 17:12:13,133:INFO:PyCaret Supervised Module
2025-08-12 17:12:13,134:INFO:ML Usecase: classification
2025-08-12 17:12:13,134:INFO:version 2.3.10
2025-08-12 17:12:13,134:INFO:Initializing setup()
2025-08-12 17:12:13,134:INFO:setup(display=None, profile_kwargs=None, profile=False, verbose=True, silent=False, log_data=False, log_profile=False, log_plots=False, experiment_custom_tags=None, experiment_name=None, log_experiment=False, session_id=123, html=True, custom_pipeline=None, use_gpu=False, n_jobs=-1, fold_groups=None, fold_shuffle=False, fold=10, fold_strategy=stratifiedkfold, data_split_stratify=False, data_split_shuffle=True, transform_target_method=box-cox, transform_target=False, fix_imbalance_method=None, fix_imbalance=False, interaction_threshold=0.01, feature_ratio=False, feature_interaction=False, feature_selection_method=classic, feature_selection_threshold=0.8, feature_selection=False, group_names=None, group_features=None, polynomial_threshold=0.1, trigonometry_features=False, polynomial_degree=2, polynomial_features=False, cluster_iter=20, create_clusters=False, remove_perfect_collinearity=True, multicollinearity_threshold=0.9, remove_multicollinearity=False, outliers_threshold=0.05, remove_outliers=False, bin_numeric_features=None, rare_level_threshold=0.1, combine_rare_levels=False, ignore_low_variance=False, pca_components=None, pca_method=linear, pca=False, unknown_categorical_method=least_frequent, handle_unknown_categorical=True, transformation_method=yeo-johnson, transformation=False, normalize_method=zscore, normalize=False, ignore_features=None, date_features=None, numeric_iterative_imputer=lightgbm, numeric_imputation=mean, numeric_features=None, high_cardinality_method=frequency, high_cardinality_features=None, ordinal_features=None, categorical_iterative_imputer=lightgbm, categorical_imputation=constant, categorical_features=None, iterative_imputation_iters=5, imputation_type=simple, preprocess=True, test_data=None, train_size=0.7, available_plots={'parameter': 'Hyperparameters', 'auc': 'AUC', 'confusion_matrix': 'Confusion Matrix', 'threshold': 'Threshold', 'pr': 'Precision Recall', 'error': 'Prediction Error', 'class_report': 'Class Report', 'rfe': 'Feature Selection', 'learning': 'Learning Curve', 'manifold': 'Manifold Learning', 'calibration': 'Calibration Curve', 'vc': 'Validation Curve', 'dimension': 'Dimensions', 'feature': 'Feature Importance', 'feature_all': 'Feature Importance (All)', 'boundary': 'Decision Boundary', 'lift': 'Lift Chart', 'gain': 'Gain Chart', 'tree': 'Decision Tree', 'ks': 'KS Statistic Plot'}, ml_usecase=classification, target=mau)
2025-08-12 17:12:13,134:INFO:Checking environment
2025-08-12 17:12:13,134:INFO:python_version: 3.6.13
2025-08-12 17:12:13,134:INFO:python_build: ('default', 'Mar 16 2021 11:37:27')
2025-08-12 17:12:13,134:INFO:machine: AMD64
2025-08-12 17:12:13,134:INFO:platform: Windows-10-10.0.26100-SP0
2025-08-12 17:12:13,135:WARNING:cannot find psutil installation. memory not traceable. Install psutil using pip to enable memory logging.
2025-08-12 17:12:13,135:INFO:Checking libraries
2025-08-12 17:12:13,135:INFO:pd==1.1.5
2025-08-12 17:12:13,135:INFO:numpy==1.19.5
2025-08-12 17:12:13,135:INFO:sklearn==0.23.2
2025-08-12 17:12:13,135:INFO:lightgbm==4.3.0
2025-08-12 17:12:13,136:WARNING:catboost not found
2025-08-12 17:12:13,137:WARNING:xgboost not found
2025-08-12 17:12:13,137:INFO:mlflow==1.23.1
2025-08-12 17:12:13,137:INFO:Checking Exceptions
2025-08-12 17:12:13,137:INFO:Declaring global variables
2025-08-12 17:12:13,137:INFO:USI: 0b4b
2025-08-12 17:12:13,137:INFO:pycaret_globals: {'imputation_regressor', 'transform_target_param', 'create_model_container', 'y_train', 'fold_shuffle_param', 'X', 'iterative_imputation_iters_param', 'imputation_classifier', 'fix_imbalance_param', 'logging_param', 'n_jobs_param', 'gpu_param', 'USI', 'pycaret_globals', '_all_models', 'stratify_param', 'prep_pipe', 'experiment__', '_available_plots', '_ml_usecase', 'fold_groups_param', 'transform_target_method_param', 'fold_groups_param_full', 'X_train', 'y_test', 'X_test', 'seed', 'display_container', '_all_models_internal', 'fold_param', 'target_param', '_all_metrics', 'dashboard_logger', '_gpu_n_jobs_param', 'exp_name_log', '_internal_pipeline', 'y', 'master_model_container', 'html_param', 'fix_imbalance_method_param', 'log_plots_param', 'fold_generator', 'data_before_preprocess'}
2025-08-12 17:12:13,137:INFO:Preparing display monitor
2025-08-12 17:12:13,137:INFO:Preparing display monitor
2025-08-12 17:12:13,153:INFO:Importing libraries
2025-08-12 17:12:13,153:INFO:Copying data for preprocessing
2025-08-12 17:12:13,166:INFO:Declaring preprocessing parameters
2025-08-12 17:12:13,171:INFO:Creating preprocessing pipeline
2025-08-12 17:12:13,185:INFO:Preprocessing pipeline created successfully
2025-08-12 17:12:13,186:ERROR:(Process Exit): setup has been interupted with user command 'quit'. setup must rerun.
2025-08-12 17:12:13,186:INFO:Creating global containers
2025-08-12 17:12:13,187:INFO:Internal pipeline: Pipeline(memory=None, steps=[('empty_step', 'passthrough')], verbose=False)
2025-08-12 17:12:15,911:WARNING:Couldn't import xgboost.XGBClassifier
2025-08-12 17:12:15,912:WARNING:Couldn't import catboost.CatBoostClassifier
2025-08-12 17:12:15,966:WARNING:Couldn't import xgboost.XGBClassifier
2025-08-12 17:12:15,967:WARNING:Couldn't import catboost.CatBoostClassifier
2025-08-12 17:12:15,967:INFO:Creating grid variables
2025-08-12 17:12:15,982:INFO:create_model_container: 0
2025-08-12 17:12:15,982:INFO:master_model_container: 0
2025-08-12 17:12:15,982:INFO:display_container: 1
2025-08-12 17:12:15,985:INFO:Pipeline(memory=None,
         steps=[('dtypes',
                 DataTypes_Auto_infer(categorical_features=[],
                                      display_types=True, features_todrop=[],
                                      id_columns=[],
                                      ml_usecase='classification',
                                      numerical_features=[], target='mau',
                                      time_features=[])),
                ('imputer',
                 Simple_Imputer(categorical_strategy='not_available',
                                fill_value_categorical=None,
                                fill_value_numerical=None,
                                numeric_strategy...
                ('scaling', 'passthrough'), ('P_transform', 'passthrough'),
                ('binn', 'passthrough'), ('rem_outliers', 'passthrough'),
                ('cluster_all', 'passthrough'),
                ('dummy', Dummify(target='mau')),
                ('fix_perfect', Remove_100(target='mau')),
                ('clean_names', Clean_Colum_Names()),
                ('feature_select', 'passthrough'), ('fix_multi', 'passthrough'),
                ('dfs', 'passthrough'), ('pca', 'passthrough')],
         verbose=False)
2025-08-12 17:12:15,986:INFO:setup() succesfully completed......................................
2025-08-12 17:12:16,078:INFO:Initializing create_model()
2025-08-12 17:12:16,079:INFO:create_model(kwargs={}, return_train_score=False, display=None, probability_threshold=None, add_to_model_list=True, experiment_custom_tags=None, metrics=None, system=True, verbose=True, refit=True, groups=None, fit_kwargs=None, predict=True, cross_validation=True, round=4, fold=None, estimator=lr)
2025-08-12 17:12:16,079:INFO:Checking exceptions
2025-08-12 17:12:16,079:INFO:Preparing display monitor
2025-08-12 17:12:16,091:INFO:Importing libraries
2025-08-12 17:12:16,091:INFO:Copying training dataset
2025-08-12 17:12:16,092:INFO:Defining folds
2025-08-12 17:12:16,092:INFO:Declaring metric variables
2025-08-12 17:12:16,098:INFO:Importing untrained model
2025-08-12 17:12:16,104:INFO:Logistic Regression Imported succesfully
2025-08-12 17:12:16,116:INFO:Starting cross validation
2025-08-12 17:12:16,116:INFO:Cross validating with StratifiedKFold(n_splits=10, random_state=None, shuffle=False), n_jobs=-1
2025-08-12 17:12:19,668:INFO:Calculating mean and std
2025-08-12 17:12:19,669:INFO:Creating metrics dataframe
2025-08-12 17:12:19,685:INFO:Finalizing model
2025-08-12 17:12:19,815:INFO:Uploading results into container
2025-08-12 17:12:19,815:INFO:Uploading model into container now
2025-08-12 17:12:19,831:INFO:create_model_container: 1
2025-08-12 17:12:19,832:INFO:master_model_container: 1
2025-08-12 17:12:19,832:INFO:display_container: 2
2025-08-12 17:12:19,833:INFO:LogisticRegression(C=1.0, class_weight=None, dual=False, fit_intercept=True,
                   intercept_scaling=1, l1_ratio=None, max_iter=1000,
                   multi_class='auto', n_jobs=None, penalty='l2',
                   random_state=123, solver='lbfgs', tol=0.0001, verbose=0,
                   warm_start=False)
2025-08-12 17:12:19,833:INFO:create_model() succesfully completed......................................
2025-08-12 17:12:19,948:INFO:Initializing create_model()
2025-08-12 17:12:19,948:INFO:create_model(kwargs={}, return_train_score=False, display=None, probability_threshold=None, add_to_model_list=True, experiment_custom_tags=None, metrics=None, system=True, verbose=True, refit=True, groups=None, fit_kwargs=None, predict=True, cross_validation=True, round=4, fold=None, estimator=lr)
2025-08-12 17:12:19,949:INFO:Checking exceptions
2025-08-12 17:12:19,949:INFO:Preparing display monitor
2025-08-12 17:12:19,960:INFO:Importing libraries
2025-08-12 17:12:19,961:INFO:Copying training dataset
2025-08-12 17:12:19,962:INFO:Defining folds
2025-08-12 17:12:19,962:INFO:Declaring metric variables
2025-08-12 17:12:19,968:INFO:Importing untrained model
2025-08-12 17:12:19,974:INFO:Logistic Regression Imported succesfully
2025-08-12 17:12:19,986:INFO:Starting cross validation
2025-08-12 17:12:19,987:INFO:Cross validating with StratifiedKFold(n_splits=10, random_state=None, shuffle=False), n_jobs=-1
2025-08-12 17:12:22,271:INFO:Calculating mean and std
2025-08-12 17:12:22,271:INFO:Creating metrics dataframe
2025-08-12 17:12:22,279:INFO:Finalizing model
2025-08-12 17:12:22,393:INFO:Uploading results into container
2025-08-12 17:12:22,393:INFO:Uploading model into container now
2025-08-12 17:12:22,405:INFO:create_model_container: 2
2025-08-12 17:12:22,405:INFO:master_model_container: 2
2025-08-12 17:12:22,405:INFO:display_container: 3
2025-08-12 17:12:22,405:INFO:LogisticRegression(C=1.0, class_weight=None, dual=False, fit_intercept=True,
                   intercept_scaling=1, l1_ratio=None, max_iter=1000,
                   multi_class='auto', n_jobs=None, penalty='l2',
                   random_state=123, solver='lbfgs', tol=0.0001, verbose=0,
                   warm_start=False)
2025-08-12 17:12:22,405:INFO:create_model() succesfully completed......................................
2025-08-12 17:12:22,511:INFO:Initializing plot_model()
2025-08-12 17:12:22,511:INFO:plot_model(is_in_evaluate=False, verbose=True, use_train_data=False, fold=None, system=True, scale=1, save=False, plot_kwargs=None, plot=feature, label=False, groups=None, fit_kwargs=None, feature_name=None, estimator=LogisticRegression(C=1.0, class_weight=None, dual=False, fit_intercept=True,
                   intercept_scaling=1, l1_ratio=None, max_iter=1000,
                   multi_class='auto', n_jobs=None, penalty='l2',
                   random_state=123, solver='lbfgs', tol=0.0001, verbose=0,
                   warm_start=False), display_format=None, display=None)
2025-08-12 17:12:22,511:INFO:Checking exceptions
2025-08-12 17:12:22,512:INFO:Preparing display monitor
2025-08-12 17:12:22,518:INFO:Preloading libraries
2025-08-12 17:12:22,518:INFO:Copying training dataset
2025-08-12 17:12:22,519:INFO:Copying test dataset
2025-08-12 17:12:22,520:INFO:Plot type: feature
2025-08-12 17:12:22,629:INFO:Visual Rendered Successfully
2025-08-12 17:12:22,726:INFO:plot_model() succesfully completed......................................
2025-08-12 17:12:25,850:INFO:PyCaret Supervised Module
2025-08-12 17:12:25,851:INFO:ML Usecase: classification
2025-08-12 17:12:25,851:INFO:version 2.3.10
2025-08-12 17:12:25,851:INFO:Initializing setup()
2025-08-12 17:12:25,851:INFO:setup(display=None, profile_kwargs=None, profile=False, verbose=True, silent=False, log_data=False, log_profile=False, log_plots=False, experiment_custom_tags=None, experiment_name=None, log_experiment=False, session_id=123, html=True, custom_pipeline=None, use_gpu=False, n_jobs=-1, fold_groups=None, fold_shuffle=False, fold=10, fold_strategy=stratifiedkfold, data_split_stratify=False, data_split_shuffle=True, transform_target_method=box-cox, transform_target=False, fix_imbalance_method=None, fix_imbalance=False, interaction_threshold=0.01, feature_ratio=False, feature_interaction=False, feature_selection_method=classic, feature_selection_threshold=0.8, feature_selection=False, group_names=None, group_features=None, polynomial_threshold=0.1, trigonometry_features=False, polynomial_degree=2, polynomial_features=False, cluster_iter=20, create_clusters=False, remove_perfect_collinearity=True, multicollinearity_threshold=0.9, remove_multicollinearity=False, outliers_threshold=0.05, remove_outliers=False, bin_numeric_features=None, rare_level_threshold=0.1, combine_rare_levels=False, ignore_low_variance=False, pca_components=None, pca_method=linear, pca=False, unknown_categorical_method=least_frequent, handle_unknown_categorical=True, transformation_method=yeo-johnson, transformation=False, normalize_method=zscore, normalize=False, ignore_features=None, date_features=None, numeric_iterative_imputer=lightgbm, numeric_imputation=mean, numeric_features=None, high_cardinality_method=frequency, high_cardinality_features=None, ordinal_features=None, categorical_iterative_imputer=lightgbm, categorical_imputation=constant, categorical_features=None, iterative_imputation_iters=5, imputation_type=simple, preprocess=True, test_data=None, train_size=0.7, available_plots={'parameter': 'Hyperparameters', 'auc': 'AUC', 'confusion_matrix': 'Confusion Matrix', 'threshold': 'Threshold', 'pr': 'Precision Recall', 'error': 'Prediction Error', 'class_report': 'Class Report', 'rfe': 'Feature Selection', 'learning': 'Learning Curve', 'manifold': 'Manifold Learning', 'calibration': 'Calibration Curve', 'vc': 'Validation Curve', 'dimension': 'Dimensions', 'feature': 'Feature Importance', 'feature_all': 'Feature Importance (All)', 'boundary': 'Decision Boundary', 'lift': 'Lift Chart', 'gain': 'Gain Chart', 'tree': 'Decision Tree', 'ks': 'KS Statistic Plot'}, ml_usecase=classification, target=mau)
2025-08-12 17:12:25,851:INFO:Checking environment
2025-08-12 17:12:25,851:INFO:python_version: 3.6.13
2025-08-12 17:12:25,851:INFO:python_build: ('default', 'Mar 16 2021 11:37:27')
2025-08-12 17:12:25,851:INFO:machine: AMD64
2025-08-12 17:12:25,851:INFO:platform: Windows-10-10.0.26100-SP0
2025-08-12 17:12:25,852:WARNING:cannot find psutil installation. memory not traceable. Install psutil using pip to enable memory logging.
2025-08-12 17:12:25,852:INFO:Checking libraries
2025-08-12 17:12:25,852:INFO:pd==1.1.5
2025-08-12 17:12:25,852:INFO:numpy==1.19.5
2025-08-12 17:12:25,852:INFO:sklearn==0.23.2
2025-08-12 17:12:25,852:INFO:lightgbm==4.3.0
2025-08-12 17:12:25,853:WARNING:catboost not found
2025-08-12 17:12:25,853:WARNING:xgboost not found
2025-08-12 17:12:25,853:INFO:mlflow==1.23.1
2025-08-12 17:12:25,853:INFO:Checking Exceptions
2025-08-12 17:12:25,853:INFO:Declaring global variables
2025-08-12 17:12:25,853:INFO:USI: 2ce2
2025-08-12 17:12:25,854:INFO:pycaret_globals: {'imputation_regressor', 'transform_target_param', 'create_model_container', 'y_train', 'fold_shuffle_param', 'X', 'iterative_imputation_iters_param', 'imputation_classifier', 'fix_imbalance_param', 'logging_param', 'n_jobs_param', 'gpu_param', 'USI', 'pycaret_globals', '_all_models', 'stratify_param', 'prep_pipe', 'experiment__', '_available_plots', '_ml_usecase', 'fold_groups_param', 'transform_target_method_param', 'fold_groups_param_full', 'X_train', 'y_test', 'X_test', 'seed', 'display_container', '_all_models_internal', 'fold_param', 'target_param', '_all_metrics', 'dashboard_logger', '_gpu_n_jobs_param', 'exp_name_log', '_internal_pipeline', 'y', 'master_model_container', 'html_param', 'fix_imbalance_method_param', 'log_plots_param', 'fold_generator', 'data_before_preprocess'}
2025-08-12 17:12:25,854:INFO:Preparing display monitor
2025-08-12 17:12:25,854:INFO:Preparing display monitor
2025-08-12 17:12:25,862:INFO:Importing libraries
2025-08-12 17:12:25,863:INFO:Copying data for preprocessing
2025-08-12 17:12:25,917:INFO:Declaring preprocessing parameters
2025-08-12 17:12:26,013:INFO:Creating preprocessing pipeline
2025-08-12 17:12:26,705:INFO:Preprocessing pipeline created successfully
2025-08-12 17:12:26,706:ERROR:(Process Exit): setup has been interupted with user command 'quit'. setup must rerun.
2025-08-12 17:12:26,706:INFO:Creating global containers
2025-08-12 17:12:26,706:INFO:Internal pipeline: Pipeline(memory=None, steps=[('empty_step', 'passthrough')], verbose=False)
2025-08-12 17:20:17,704:WARNING:Couldn't import xgboost.XGBClassifier
2025-08-12 17:20:17,705:WARNING:Couldn't import catboost.CatBoostClassifier
2025-08-12 17:20:17,764:WARNING:Couldn't import xgboost.XGBClassifier
2025-08-12 17:20:17,765:WARNING:Couldn't import catboost.CatBoostClassifier
2025-08-12 17:20:17,765:INFO:Creating grid variables
2025-08-12 17:20:17,944:INFO:create_model_container: 0
2025-08-12 17:20:17,944:INFO:master_model_container: 0
2025-08-12 17:20:17,944:INFO:display_container: 1
2025-08-12 17:20:17,949:INFO:Pipeline(memory=None,
         steps=[('dtypes',
                 DataTypes_Auto_infer(categorical_features=[],
                                      display_types=True, features_todrop=[],
                                      id_columns=[],
                                      ml_usecase='classification',
                                      numerical_features=[], target='mau',
                                      time_features=[])),
                ('imputer',
                 Simple_Imputer(categorical_strategy='not_available',
                                fill_value_categorical=None,
                                fill_value_numerical=None,
                                numeric_strategy...
                ('scaling', 'passthrough'), ('P_transform', 'passthrough'),
                ('binn', 'passthrough'), ('rem_outliers', 'passthrough'),
                ('cluster_all', 'passthrough'),
                ('dummy', Dummify(target='mau')),
                ('fix_perfect', Remove_100(target='mau')),
                ('clean_names', Clean_Colum_Names()),
                ('feature_select', 'passthrough'), ('fix_multi', 'passthrough'),
                ('dfs', 'passthrough'), ('pca', 'passthrough')],
         verbose=False)
2025-08-12 17:20:17,949:INFO:setup() succesfully completed......................................
2025-08-12 17:20:18,164:INFO:Initializing create_model()
2025-08-12 17:20:18,164:INFO:create_model(kwargs={}, return_train_score=False, display=None, probability_threshold=None, add_to_model_list=True, experiment_custom_tags=None, metrics=None, system=True, verbose=True, refit=True, groups=None, fit_kwargs=None, predict=True, cross_validation=True, round=4, fold=None, estimator=lightgbm)
2025-08-12 17:20:18,164:INFO:Checking exceptions
2025-08-12 17:20:18,165:INFO:Preparing display monitor
2025-08-12 17:20:18,184:INFO:Importing libraries
2025-08-12 17:20:18,184:INFO:Copying training dataset
2025-08-12 17:20:18,205:INFO:Defining folds
2025-08-12 17:20:18,205:INFO:Declaring metric variables
2025-08-12 17:20:18,213:INFO:Importing untrained model
2025-08-12 17:20:18,222:INFO:Light Gradient Boosting Machine Imported succesfully
2025-08-12 17:20:18,238:INFO:Starting cross validation
2025-08-12 17:20:18,239:INFO:Cross validating with StratifiedKFold(n_splits=10, random_state=None, shuffle=False), n_jobs=-1
2025-08-12 17:20:40,737:INFO:Calculating mean and std
2025-08-12 17:20:40,741:INFO:Creating metrics dataframe
2025-08-12 17:20:40,771:INFO:Finalizing model
2025-08-12 17:20:43,080:INFO:Uploading results into container
2025-08-12 17:20:43,080:INFO:Uploading model into container now
2025-08-12 17:20:43,163:INFO:create_model_container: 1
2025-08-12 17:20:43,164:INFO:master_model_container: 1
2025-08-12 17:20:43,165:INFO:display_container: 2
2025-08-12 17:20:43,166:INFO:LGBMClassifier(boosting_type='gbdt', class_weight=None, colsample_bytree=1.0,
               importance_type='split', learning_rate=0.1, max_depth=-1,
               min_child_samples=20, min_child_weight=0.001, min_split_gain=0.0,
               n_estimators=100, n_jobs=-1, num_leaves=31, objective=None,
               random_state=123, reg_alpha=0.0, reg_lambda=0.0, subsample=1.0,
               subsample_for_bin=200000, subsample_freq=0)
2025-08-12 17:20:43,166:INFO:create_model() succesfully completed......................................
2025-08-12 17:20:43,554:INFO:Initializing tune_model()
2025-08-12 17:20:43,555:INFO:tune_model(kwargs={}, return_train_score=False, display=None, tuner_verbose=True, verbose=True, return_tuner=False, groups=None, fit_kwargs=None, choose_better=False, early_stopping_max_iters=10, early_stopping=False, search_algorithm=None, search_library=scikit-learn, custom_scorer=None, optimize=Accuracy, custom_grid=None, n_iter=10, round=4, fold=None, estimator=LGBMClassifier(boosting_type='gbdt', class_weight=None, colsample_bytree=1.0,
               importance_type='split', learning_rate=0.1, max_depth=-1,
               min_child_samples=20, min_child_weight=0.001, min_split_gain=0.0,
               n_estimators=100, n_jobs=-1, num_leaves=31, objective=None,
               random_state=123, reg_alpha=0.0, reg_lambda=0.0, subsample=1.0,
               subsample_for_bin=200000, subsample_freq=0))
2025-08-12 17:20:43,555:INFO:Checking exceptions
2025-08-12 17:20:43,565:INFO:Preparing display monitor
2025-08-12 17:20:43,598:INFO:Copying training dataset
2025-08-12 17:20:43,684:INFO:Checking base model
2025-08-12 17:20:43,685:INFO:Base model : Light Gradient Boosting Machine
2025-08-12 17:20:43,701:INFO:Declaring metric variables
2025-08-12 17:20:43,712:INFO:Defining Hyperparameters
2025-08-12 17:20:43,889:INFO:Tuning with n_jobs=-1
2025-08-12 17:20:43,889:INFO:Initializing RandomizedSearchCV
2025-08-12 17:25:06,147:INFO:best_params: {'actual_estimator__reg_lambda': 0.1, 'actual_estimator__reg_alpha': 0.0001, 'actual_estimator__num_leaves': 10, 'actual_estimator__n_estimators': 180, 'actual_estimator__min_split_gain': 0.7, 'actual_estimator__min_child_samples': 96, 'actual_estimator__learning_rate': 0.05, 'actual_estimator__feature_fraction': 0.9, 'actual_estimator__bagging_freq': 4, 'actual_estimator__bagging_fraction': 0.6}
2025-08-12 17:25:06,154:INFO:Hyperparameter search completed
2025-08-12 17:25:06,154:INFO:SubProcess create_model() called ==================================
2025-08-12 17:25:06,159:INFO:Initializing create_model()
2025-08-12 17:25:06,160:INFO:create_model(kwargs={'reg_lambda': 0.1, 'reg_alpha': 0.0001, 'num_leaves': 10, 'n_estimators': 180, 'min_split_gain': 0.7, 'min_child_samples': 96, 'learning_rate': 0.05, 'feature_fraction': 0.9, 'bagging_freq': 4, 'bagging_fraction': 0.6}, return_train_score=False, display=<pycaret.internal.Display.Display object at 0x000002E4E8C6ABE0>, probability_threshold=None, add_to_model_list=True, experiment_custom_tags=None, metrics=None, system=False, verbose=True, refit=True, groups=None, fit_kwargs={}, predict=True, cross_validation=True, round=4, fold=StratifiedKFold(n_splits=10, random_state=None, shuffle=False), estimator=LGBMClassifier(boosting_type='gbdt', class_weight=None, colsample_bytree=1.0,
               importance_type='split', learning_rate=0.1, max_depth=-1,
               min_child_samples=20, min_child_weight=0.001, min_split_gain=0.0,
               n_estimators=100, n_jobs=-1, num_leaves=31, objective=None,
               random_state=123, reg_alpha=0.0, reg_lambda=0.0, subsample=1.0,
               subsample_for_bin=200000, subsample_freq=0))
2025-08-12 17:25:06,160:INFO:Checking exceptions
2025-08-12 17:25:06,161:INFO:Importing libraries
2025-08-12 17:25:06,163:INFO:Copying training dataset
2025-08-12 17:25:06,237:INFO:Defining folds
2025-08-12 17:25:06,237:INFO:Declaring metric variables
2025-08-12 17:25:06,267:INFO:Importing untrained model
2025-08-12 17:25:06,267:INFO:Declaring custom model
2025-08-12 17:25:06,285:INFO:Light Gradient Boosting Machine Imported succesfully
2025-08-12 17:25:06,309:INFO:Starting cross validation
2025-08-12 17:25:06,310:INFO:Cross validating with StratifiedKFold(n_splits=10, random_state=None, shuffle=False), n_jobs=-1
2025-08-12 17:25:26,465:INFO:Calculating mean and std
2025-08-12 17:25:26,467:INFO:Creating metrics dataframe
2025-08-12 17:25:26,492:INFO:Finalizing model
2025-08-12 17:25:29,241:INFO:Uploading results into container
2025-08-12 17:25:29,241:INFO:Uploading model into container now
2025-08-12 17:25:29,241:INFO:create_model_container: 2
2025-08-12 17:25:29,241:INFO:master_model_container: 2
2025-08-12 17:25:29,241:INFO:display_container: 3
2025-08-12 17:25:29,242:INFO:LGBMClassifier(bagging_fraction=0.6, bagging_freq=4, boosting_type='gbdt',
               class_weight=None, colsample_bytree=1.0, feature_fraction=0.9,
               importance_type='split', learning_rate=0.05, max_depth=-1,
               min_child_samples=96, min_child_weight=0.001, min_split_gain=0.7,
               n_estimators=180, n_jobs=-1, num_leaves=10, objective=None,
               random_state=123, reg_alpha=0.0001, reg_lambda=0.1,
               subsample=1.0, subsample_for_bin=200000, subsample_freq=0)
2025-08-12 17:25:29,242:INFO:create_model() succesfully completed......................................
2025-08-12 17:25:29,703:INFO:SubProcess create_model() end ==================================
2025-08-12 17:25:29,735:INFO:create_model_container: 2
2025-08-12 17:25:29,735:INFO:master_model_container: 2
2025-08-12 17:25:29,735:INFO:display_container: 3
2025-08-12 17:25:29,737:INFO:LGBMClassifier(bagging_fraction=0.6, bagging_freq=4, boosting_type='gbdt',
               class_weight=None, colsample_bytree=1.0, feature_fraction=0.9,
               importance_type='split', learning_rate=0.05, max_depth=-1,
               min_child_samples=96, min_child_weight=0.001, min_split_gain=0.7,
               n_estimators=180, n_jobs=-1, num_leaves=10, objective=None,
               random_state=123, reg_alpha=0.0001, reg_lambda=0.1,
               subsample=1.0, subsample_for_bin=200000, subsample_freq=0)
2025-08-12 17:25:29,737:INFO:tune_model() succesfully completed......................................
2025-08-12 17:25:30,018:INFO:Initializing plot_model()
2025-08-12 17:25:30,019:INFO:plot_model(is_in_evaluate=False, verbose=True, use_train_data=False, fold=None, system=True, scale=1, save=False, plot_kwargs=None, plot=auc, label=False, groups=None, fit_kwargs=None, feature_name=None, estimator=LGBMClassifier(bagging_fraction=0.6, bagging_freq=4, boosting_type='gbdt',
               class_weight=None, colsample_bytree=1.0, feature_fraction=0.9,
               importance_type='split', learning_rate=0.05, max_depth=-1,
               min_child_samples=96, min_child_weight=0.001, min_split_gain=0.7,
               n_estimators=180, n_jobs=-1, num_leaves=10, objective=None,
               random_state=123, reg_alpha=0.0001, reg_lambda=0.1,
               subsample=1.0, subsample_for_bin=200000, subsample_freq=0), display_format=None, display=None)
2025-08-12 17:25:30,020:INFO:Checking exceptions
2025-08-12 17:25:30,035:INFO:Preparing display monitor
2025-08-12 17:25:30,045:INFO:Preloading libraries
2025-08-12 17:25:30,057:INFO:Copying training dataset
2025-08-12 17:25:30,100:INFO:Copying test dataset
2025-08-12 17:25:30,171:INFO:Plot type: auc
2025-08-12 17:25:30,175:INFO:Initializing get_config()
2025-08-12 17:25:30,175:INFO:get_config(variable=prep_pipe)
2025-08-12 17:25:30,181:INFO:Global variable: prep_pipe returned as Pipeline(memory=None,
         steps=[('dtypes',
                 DataTypes_Auto_infer(categorical_features=[],
                                      display_types=True, features_todrop=[],
                                      id_columns=[],
                                      ml_usecase='classification',
                                      numerical_features=[], target='mau',
                                      time_features=[])),
                ('imputer',
                 Simple_Imputer(categorical_strategy='not_available',
                                fill_value_categorical=None,
                                fill_value_numerical=None,
                                numeric_strategy...
                ('scaling', 'passthrough'), ('P_transform', 'passthrough'),
                ('binn', 'passthrough'), ('rem_outliers', 'passthrough'),
                ('cluster_all', 'passthrough'),
                ('dummy', Dummify(target='mau')),
                ('fix_perfect', Remove_100(target='mau')),
                ('clean_names', Clean_Colum_Names()),
                ('feature_select', 'passthrough'), ('fix_multi', 'passthrough'),
                ('dfs', 'passthrough'), ('pca', 'passthrough')],
         verbose=False)
2025-08-12 17:25:30,182:INFO:get_config() succesfully completed......................................
2025-08-12 17:25:30,184:INFO:Fitting Model
2025-08-12 17:25:30,199:INFO:Scoring test/hold-out set
2025-08-12 17:25:31,249:INFO:Visual Rendered Successfully
2025-08-12 17:25:31,498:INFO:plot_model() succesfully completed......................................
2025-08-12 17:25:31,551:INFO:Initializing plot_model()
2025-08-12 17:25:31,552:INFO:plot_model(is_in_evaluate=False, verbose=True, use_train_data=False, fold=None, system=True, scale=1, save=False, plot_kwargs=None, plot=pr, label=False, groups=None, fit_kwargs=None, feature_name=None, estimator=LGBMClassifier(bagging_fraction=0.6, bagging_freq=4, boosting_type='gbdt',
               class_weight=None, colsample_bytree=1.0, feature_fraction=0.9,
               importance_type='split', learning_rate=0.05, max_depth=-1,
               min_child_samples=96, min_child_weight=0.001, min_split_gain=0.7,
               n_estimators=180, n_jobs=-1, num_leaves=10, objective=None,
               random_state=123, reg_alpha=0.0001, reg_lambda=0.1,
               subsample=1.0, subsample_for_bin=200000, subsample_freq=0), display_format=None, display=None)
2025-08-12 17:25:31,552:INFO:Checking exceptions
2025-08-12 17:25:31,566:INFO:Preparing display monitor
2025-08-12 17:25:31,575:INFO:Preloading libraries
2025-08-12 17:25:31,604:INFO:Copying training dataset
2025-08-12 17:25:31,633:INFO:Copying test dataset
2025-08-12 17:25:31,646:INFO:Plot type: pr
2025-08-12 17:25:31,652:INFO:Fitting Model
2025-08-12 17:25:31,688:INFO:Scoring test/hold-out set
2025-08-12 17:25:32,518:INFO:Visual Rendered Successfully
2025-08-12 17:25:32,694:INFO:plot_model() succesfully completed......................................
2025-08-12 17:25:32,732:INFO:Initializing plot_model()
2025-08-12 17:25:32,732:INFO:plot_model(is_in_evaluate=False, verbose=True, use_train_data=False, fold=None, system=True, scale=1, save=False, plot_kwargs=None, plot=feature, label=False, groups=None, fit_kwargs=None, feature_name=None, estimator=LGBMClassifier(bagging_fraction=0.6, bagging_freq=4, boosting_type='gbdt',
               class_weight=None, colsample_bytree=1.0, feature_fraction=0.9,
               importance_type='split', learning_rate=0.05, max_depth=-1,
               min_child_samples=96, min_child_weight=0.001, min_split_gain=0.7,
               n_estimators=180, n_jobs=-1, num_leaves=10, objective=None,
               random_state=123, reg_alpha=0.0001, reg_lambda=0.1,
               subsample=1.0, subsample_for_bin=200000, subsample_freq=0), display_format=None, display=None)
2025-08-12 17:25:32,732:INFO:Checking exceptions
2025-08-12 17:25:32,740:INFO:Preparing display monitor
2025-08-12 17:25:32,747:INFO:Preloading libraries
2025-08-12 17:25:32,754:INFO:Copying training dataset
2025-08-12 17:25:32,776:INFO:Copying test dataset
2025-08-12 17:25:32,787:INFO:Plot type: feature
2025-08-12 17:25:32,790:WARNING:No coef_ found. Trying feature_importances_
2025-08-12 17:25:32,967:INFO:Visual Rendered Successfully
2025-08-12 17:25:33,132:INFO:plot_model() succesfully completed......................................
2025-08-12 17:25:33,163:INFO:Initializing plot_model()
2025-08-12 17:25:33,163:INFO:plot_model(is_in_evaluate=False, verbose=True, use_train_data=False, fold=None, system=True, scale=1, save=False, plot_kwargs=None, plot=confusion_matrix, label=False, groups=None, fit_kwargs=None, feature_name=None, estimator=LGBMClassifier(bagging_fraction=0.6, bagging_freq=4, boosting_type='gbdt',
               class_weight=None, colsample_bytree=1.0, feature_fraction=0.9,
               importance_type='split', learning_rate=0.05, max_depth=-1,
               min_child_samples=96, min_child_weight=0.001, min_split_gain=0.7,
               n_estimators=180, n_jobs=-1, num_leaves=10, objective=None,
               random_state=123, reg_alpha=0.0001, reg_lambda=0.1,
               subsample=1.0, subsample_for_bin=200000, subsample_freq=0), display_format=None, display=None)
2025-08-12 17:25:33,163:INFO:Checking exceptions
2025-08-12 17:25:33,170:INFO:Preparing display monitor
2025-08-12 17:25:33,178:INFO:Preloading libraries
2025-08-12 17:25:33,186:INFO:Copying training dataset
2025-08-12 17:25:33,209:INFO:Copying test dataset
2025-08-12 17:25:33,221:INFO:Plot type: confusion_matrix
2025-08-12 17:25:33,224:INFO:Initializing get_config()
2025-08-12 17:25:33,224:INFO:get_config(variable=prep_pipe)
2025-08-12 17:25:33,234:INFO:Global variable: prep_pipe returned as Pipeline(memory=None,
         steps=[('dtypes',
                 DataTypes_Auto_infer(categorical_features=[],
                                      display_types=True, features_todrop=[],
                                      id_columns=[],
                                      ml_usecase='classification',
                                      numerical_features=[], target='mau',
                                      time_features=[])),
                ('imputer',
                 Simple_Imputer(categorical_strategy='not_available',
                                fill_value_categorical=None,
                                fill_value_numerical=None,
                                numeric_strategy...
                ('scaling', 'passthrough'), ('P_transform', 'passthrough'),
                ('binn', 'passthrough'), ('rem_outliers', 'passthrough'),
                ('cluster_all', 'passthrough'),
                ('dummy', Dummify(target='mau')),
                ('fix_perfect', Remove_100(target='mau')),
                ('clean_names', Clean_Colum_Names()),
                ('feature_select', 'passthrough'), ('fix_multi', 'passthrough'),
                ('dfs', 'passthrough'), ('pca', 'passthrough')],
         verbose=False)
2025-08-12 17:25:33,235:INFO:get_config() succesfully completed......................................
2025-08-12 17:25:33,236:INFO:Fitting Model
2025-08-12 17:25:33,246:INFO:Scoring test/hold-out set
2025-08-12 17:25:34,278:INFO:Visual Rendered Successfully
2025-08-12 17:25:34,447:INFO:plot_model() succesfully completed......................................
2025-08-12 17:25:34,484:INFO:Initializing finalize_model()
2025-08-12 17:25:34,484:INFO:finalize_model(return_train_score=False, experiment_custom_tags=None, display=None, model_only=True, groups=None, fit_kwargs=None, estimator=LGBMClassifier(bagging_fraction=0.6, bagging_freq=4, boosting_type='gbdt',
               class_weight=None, colsample_bytree=1.0, feature_fraction=0.9,
               importance_type='split', learning_rate=0.05, max_depth=-1,
               min_child_samples=96, min_child_weight=0.001, min_split_gain=0.7,
               n_estimators=180, n_jobs=-1, num_leaves=10, objective=None,
               random_state=123, reg_alpha=0.0001, reg_lambda=0.1,
               subsample=1.0, subsample_for_bin=200000, subsample_freq=0))
2025-08-12 17:25:34,485:INFO:Finalizing LGBMClassifier(bagging_fraction=0.6, bagging_freq=4, boosting_type='gbdt',
               class_weight=None, colsample_bytree=1.0, feature_fraction=0.9,
               importance_type='split', learning_rate=0.05, max_depth=-1,
               min_child_samples=96, min_child_weight=0.001, min_split_gain=0.7,
               n_estimators=180, n_jobs=-1, num_leaves=10, objective=None,
               random_state=123, reg_alpha=0.0001, reg_lambda=0.1,
               subsample=1.0, subsample_for_bin=200000, subsample_freq=0)
2025-08-12 17:25:34,486:INFO:Initializing create_model()
2025-08-12 17:25:34,486:INFO:create_model(kwargs={}, return_train_score=False, display=None, probability_threshold=None, add_to_model_list=False, experiment_custom_tags=None, metrics=None, system=False, verbose=False, refit=True, groups=None, fit_kwargs={}, predict=True, cross_validation=True, round=4, fold=None, estimator=LGBMClassifier(bagging_fraction=0.6, bagging_freq=4, boosting_type='gbdt',
               class_weight=None, colsample_bytree=1.0, feature_fraction=0.9,
               importance_type='split', learning_rate=0.05, max_depth=-1,
               min_child_samples=96, min_child_weight=0.001, min_split_gain=0.7,
               n_estimators=180, n_jobs=-1, num_leaves=10, objective=None,
               random_state=123, reg_alpha=0.0001, reg_lambda=0.1,
               subsample=1.0, subsample_for_bin=200000, subsample_freq=0))
2025-08-12 17:25:34,486:INFO:Checking exceptions
2025-08-12 17:25:34,486:INFO:Importing libraries
2025-08-12 17:25:34,486:INFO:Copying training dataset
2025-08-12 17:25:34,625:INFO:Defining folds
2025-08-12 17:25:34,625:INFO:Declaring metric variables
2025-08-12 17:25:34,625:INFO:Importing untrained model
2025-08-12 17:25:34,625:INFO:Declaring custom model
2025-08-12 17:25:34,626:INFO:Light Gradient Boosting Machine Imported succesfully
2025-08-12 17:25:34,626:INFO:Starting cross validation
2025-08-12 17:25:34,626:INFO:Cross validating with StratifiedKFold(n_splits=10, random_state=None, shuffle=False), n_jobs=-1
2025-08-12 17:26:02,974:INFO:Calculating mean and std
2025-08-12 17:26:02,976:INFO:Creating metrics dataframe
2025-08-12 17:26:02,989:INFO:Finalizing model
2025-08-12 17:26:06,152:INFO:create_model_container: 2
2025-08-12 17:26:06,152:INFO:master_model_container: 2
2025-08-12 17:26:06,152:INFO:display_container: 4
2025-08-12 17:26:06,153:INFO:LGBMClassifier(bagging_fraction=0.6, bagging_freq=4, boosting_type='gbdt',
               class_weight=None, colsample_bytree=1.0, feature_fraction=0.9,
               importance_type='split', learning_rate=0.05, max_depth=-1,
               min_child_samples=96, min_child_weight=0.001, min_split_gain=0.7,
               n_estimators=180, n_jobs=-1, num_leaves=10, objective=None,
               random_state=123, reg_alpha=0.0001, reg_lambda=0.1,
               subsample=1.0, subsample_for_bin=200000, subsample_freq=0)
2025-08-12 17:26:06,153:INFO:create_model() succesfully completed......................................
2025-08-12 17:26:06,402:INFO:create_model_container: 2
2025-08-12 17:26:06,402:INFO:master_model_container: 2
2025-08-12 17:26:06,402:INFO:display_container: 3
2025-08-12 17:26:06,403:INFO:LGBMClassifier(bagging_fraction=0.6, bagging_freq=4, boosting_type='gbdt',
               class_weight=None, colsample_bytree=1.0, feature_fraction=0.9,
               importance_type='split', learning_rate=0.05, max_depth=-1,
               min_child_samples=96, min_child_weight=0.001, min_split_gain=0.7,
               n_estimators=180, n_jobs=-1, num_leaves=10, objective=None,
               random_state=123, reg_alpha=0.0001, reg_lambda=0.1,
               subsample=1.0, subsample_for_bin=200000, subsample_freq=0)
2025-08-12 17:26:06,403:INFO:finalize_model() succesfully completed......................................
2025-08-12 17:26:06,561:INFO:Initializing get_config()
2025-08-12 17:26:06,561:INFO:get_config(variable=prep_pipe)
2025-08-12 17:26:06,567:INFO:Global variable: prep_pipe returned as Pipeline(memory=None,
         steps=[('dtypes',
                 DataTypes_Auto_infer(categorical_features=[],
                                      display_types=True, features_todrop=[],
                                      id_columns=[],
                                      ml_usecase='classification',
                                      numerical_features=[], target='mau',
                                      time_features=[])),
                ('imputer',
                 Simple_Imputer(categorical_strategy='not_available',
                                fill_value_categorical=None,
                                fill_value_numerical=None,
                                numeric_strategy...
                ('scaling', 'passthrough'), ('P_transform', 'passthrough'),
                ('binn', 'passthrough'), ('rem_outliers', 'passthrough'),
                ('cluster_all', 'passthrough'),
                ('dummy', Dummify(target='mau')),
                ('fix_perfect', Remove_100(target='mau')),
                ('clean_names', Clean_Colum_Names()),
                ('feature_select', 'passthrough'), ('fix_multi', 'passthrough'),
                ('dfs', 'passthrough'), ('pca', 'passthrough')],
         verbose=False)
2025-08-12 17:26:06,567:INFO:get_config() succesfully completed......................................
2025-08-13 15:58:19,140:INFO:PyCaret Supervised Module
2025-08-13 15:58:19,140:INFO:ML Usecase: classification
2025-08-13 15:58:19,141:INFO:version 2.3.10
2025-08-13 15:58:19,141:INFO:Initializing setup()
2025-08-13 15:58:19,141:INFO:setup(display=None, profile_kwargs=None, profile=False, verbose=True, silent=False, log_data=False, log_profile=False, log_plots=False, experiment_custom_tags=None, experiment_name=None, log_experiment=False, session_id=123, html=True, custom_pipeline=None, use_gpu=False, n_jobs=-1, fold_groups=None, fold_shuffle=False, fold=10, fold_strategy=stratifiedkfold, data_split_stratify=False, data_split_shuffle=True, transform_target_method=box-cox, transform_target=False, fix_imbalance_method=None, fix_imbalance=False, interaction_threshold=0.01, feature_ratio=False, feature_interaction=False, feature_selection_method=classic, feature_selection_threshold=0.8, feature_selection=False, group_names=None, group_features=None, polynomial_threshold=0.1, trigonometry_features=False, polynomial_degree=2, polynomial_features=False, cluster_iter=20, create_clusters=False, remove_perfect_collinearity=True, multicollinearity_threshold=0.9, remove_multicollinearity=False, outliers_threshold=0.05, remove_outliers=False, bin_numeric_features=None, rare_level_threshold=0.1, combine_rare_levels=False, ignore_low_variance=False, pca_components=None, pca_method=linear, pca=False, unknown_categorical_method=least_frequent, handle_unknown_categorical=True, transformation_method=yeo-johnson, transformation=False, normalize_method=zscore, normalize=False, ignore_features=None, date_features=None, numeric_iterative_imputer=lightgbm, numeric_imputation=mean, numeric_features=None, high_cardinality_method=frequency, high_cardinality_features=None, ordinal_features=None, categorical_iterative_imputer=lightgbm, categorical_imputation=constant, categorical_features=None, iterative_imputation_iters=5, imputation_type=simple, preprocess=True, test_data=None, train_size=0.7, available_plots={'parameter': 'Hyperparameters', 'auc': 'AUC', 'confusion_matrix': 'Confusion Matrix', 'threshold': 'Threshold', 'pr': 'Precision Recall', 'error': 'Prediction Error', 'class_report': 'Class Report', 'rfe': 'Feature Selection', 'learning': 'Learning Curve', 'manifold': 'Manifold Learning', 'calibration': 'Calibration Curve', 'vc': 'Validation Curve', 'dimension': 'Dimensions', 'feature': 'Feature Importance', 'feature_all': 'Feature Importance (All)', 'boundary': 'Decision Boundary', 'lift': 'Lift Chart', 'gain': 'Gain Chart', 'tree': 'Decision Tree', 'ks': 'KS Statistic Plot'}, ml_usecase=classification, target=mau)
2025-08-13 15:58:19,141:INFO:Checking environment
2025-08-13 15:58:19,141:INFO:python_version: 3.6.13
2025-08-13 15:58:19,141:INFO:python_build: ('default', 'Mar 16 2021 11:37:27')
2025-08-13 15:58:19,141:INFO:machine: AMD64
2025-08-13 15:58:19,141:INFO:platform: Windows-10-10.0.26100-SP0
2025-08-13 15:58:19,142:WARNING:cannot find psutil installation. memory not traceable. Install psutil using pip to enable memory logging.
2025-08-13 15:58:19,142:INFO:Checking libraries
2025-08-13 15:58:19,142:INFO:pd==1.1.5
2025-08-13 15:58:19,142:INFO:numpy==1.19.5
2025-08-13 15:58:19,142:INFO:sklearn==0.23.2
2025-08-13 15:58:19,142:INFO:lightgbm==4.3.0
2025-08-13 15:58:19,143:WARNING:catboost not found
2025-08-13 15:58:19,143:WARNING:xgboost not found
2025-08-13 15:58:19,143:INFO:mlflow==1.23.1
2025-08-13 15:58:19,143:INFO:Checking Exceptions
2025-08-13 15:58:19,144:INFO:Declaring global variables
2025-08-13 15:58:19,144:INFO:USI: 61ff
2025-08-13 15:58:19,144:INFO:pycaret_globals: {'fold_groups_param_full', 'target_param', 'stratify_param', 'experiment__', 'transform_target_method_param', 'data_before_preprocess', 'log_plots_param', 'exp_name_log', 'X_train', 'fold_param', 'imputation_classifier', 'X_test', 'USI', 'logging_param', 'fix_imbalance_param', '_available_plots', 'n_jobs_param', 'gpu_param', 'y_test', 'fold_groups_param', 'master_model_container', 'prep_pipe', 'fold_shuffle_param', '_all_models', 'create_model_container', 'pycaret_globals', '_all_metrics', 'transform_target_param', 'html_param', '_ml_usecase', 'fix_imbalance_method_param', 'y_train', 'X', '_all_models_internal', '_gpu_n_jobs_param', 'seed', 'imputation_regressor', 'iterative_imputation_iters_param', 'display_container', 'dashboard_logger', '_internal_pipeline', 'y', 'fold_generator'}
2025-08-13 15:58:19,144:INFO:Preparing display monitor
2025-08-13 15:58:19,144:INFO:Preparing display monitor
2025-08-13 15:58:19,164:INFO:Importing libraries
2025-08-13 15:58:19,165:INFO:Copying data for preprocessing
2025-08-13 15:58:19,174:INFO:Declaring preprocessing parameters
2025-08-13 15:58:19,179:INFO:Creating preprocessing pipeline
2025-08-13 15:58:19,198:INFO:Preprocessing pipeline created successfully
2025-08-13 15:58:19,198:ERROR:(Process Exit): setup has been interupted with user command 'quit'. setup must rerun.
2025-08-13 15:58:19,198:INFO:Creating global containers
2025-08-13 15:58:19,204:INFO:Internal pipeline: Pipeline(memory=None, steps=[('empty_step', 'passthrough')], verbose=False)
2025-08-13 16:00:55,926:WARNING:Couldn't import xgboost.XGBClassifier
2025-08-13 16:00:55,927:WARNING:Couldn't import catboost.CatBoostClassifier
2025-08-13 16:00:55,983:WARNING:Couldn't import xgboost.XGBClassifier
2025-08-13 16:00:55,984:WARNING:Couldn't import catboost.CatBoostClassifier
2025-08-13 16:00:55,985:INFO:Creating grid variables
2025-08-13 16:00:56,001:INFO:create_model_container: 0
2025-08-13 16:00:56,001:INFO:master_model_container: 0
2025-08-13 16:00:56,001:INFO:display_container: 1
2025-08-13 16:00:56,005:INFO:Pipeline(memory=None,
         steps=[('dtypes',
                 DataTypes_Auto_infer(categorical_features=[],
                                      display_types=True, features_todrop=[],
                                      id_columns=[],
                                      ml_usecase='classification',
                                      numerical_features=[], target='mau',
                                      time_features=[])),
                ('imputer',
                 Simple_Imputer(categorical_strategy='not_available',
                                fill_value_categorical=None,
                                fill_value_numerical=None,
                                numeric_strategy...
                ('scaling', 'passthrough'), ('P_transform', 'passthrough'),
                ('binn', 'passthrough'), ('rem_outliers', 'passthrough'),
                ('cluster_all', 'passthrough'),
                ('dummy', Dummify(target='mau')),
                ('fix_perfect', Remove_100(target='mau')),
                ('clean_names', Clean_Colum_Names()),
                ('feature_select', 'passthrough'), ('fix_multi', 'passthrough'),
                ('dfs', 'passthrough'), ('pca', 'passthrough')],
         verbose=False)
2025-08-13 16:00:56,005:INFO:setup() succesfully completed......................................
2025-08-13 16:00:56,104:INFO:Initializing create_model()
2025-08-13 16:00:56,104:INFO:create_model(kwargs={}, return_train_score=False, display=None, probability_threshold=None, add_to_model_list=True, experiment_custom_tags=None, metrics=None, system=True, verbose=True, refit=True, groups=None, fit_kwargs=None, predict=True, cross_validation=True, round=4, fold=None, estimator=lr)
2025-08-13 16:00:56,104:INFO:Checking exceptions
2025-08-13 16:00:56,104:INFO:Preparing display monitor
2025-08-13 16:00:56,119:INFO:Importing libraries
2025-08-13 16:00:56,119:INFO:Copying training dataset
2025-08-13 16:00:56,120:INFO:Defining folds
2025-08-13 16:00:56,121:INFO:Declaring metric variables
2025-08-13 16:00:56,126:INFO:Importing untrained model
2025-08-13 16:00:56,134:INFO:Logistic Regression Imported succesfully
2025-08-13 16:00:56,148:INFO:Starting cross validation
2025-08-13 16:00:56,149:INFO:Cross validating with StratifiedKFold(n_splits=10, random_state=None, shuffle=False), n_jobs=-1
2025-08-13 16:01:03,241:INFO:Calculating mean and std
2025-08-13 16:01:03,243:INFO:Creating metrics dataframe
2025-08-13 16:01:03,252:INFO:Finalizing model
2025-08-13 16:01:03,385:INFO:Uploading results into container
2025-08-13 16:01:03,385:INFO:Uploading model into container now
2025-08-13 16:01:03,398:INFO:create_model_container: 1
2025-08-13 16:01:03,398:INFO:master_model_container: 1
2025-08-13 16:01:03,398:INFO:display_container: 2
2025-08-13 16:01:03,399:INFO:LogisticRegression(C=1.0, class_weight=None, dual=False, fit_intercept=True,
                   intercept_scaling=1, l1_ratio=None, max_iter=1000,
                   multi_class='auto', n_jobs=None, penalty='l2',
                   random_state=123, solver='lbfgs', tol=0.0001, verbose=0,
                   warm_start=False)
2025-08-13 16:01:03,399:INFO:create_model() succesfully completed......................................
2025-08-13 16:01:03,506:INFO:Initializing create_model()
2025-08-13 16:01:03,506:INFO:create_model(kwargs={}, return_train_score=False, display=None, probability_threshold=None, add_to_model_list=True, experiment_custom_tags=None, metrics=None, system=True, verbose=True, refit=True, groups=None, fit_kwargs=None, predict=True, cross_validation=True, round=4, fold=None, estimator=lr)
2025-08-13 16:01:03,506:INFO:Checking exceptions
2025-08-13 16:01:03,507:INFO:Preparing display monitor
2025-08-13 16:01:03,519:INFO:Importing libraries
2025-08-13 16:01:03,520:INFO:Copying training dataset
2025-08-13 16:01:03,521:INFO:Defining folds
2025-08-13 16:01:03,521:INFO:Declaring metric variables
2025-08-13 16:01:03,529:INFO:Importing untrained model
2025-08-13 16:01:03,535:INFO:Logistic Regression Imported succesfully
2025-08-13 16:01:03,549:INFO:Starting cross validation
2025-08-13 16:01:03,549:INFO:Cross validating with StratifiedKFold(n_splits=10, random_state=None, shuffle=False), n_jobs=-1
2025-08-13 16:01:06,583:INFO:Calculating mean and std
2025-08-13 16:01:06,584:INFO:Creating metrics dataframe
2025-08-13 16:01:06,596:INFO:Finalizing model
2025-08-13 16:01:06,741:INFO:Uploading results into container
2025-08-13 16:01:06,741:INFO:Uploading model into container now
2025-08-13 16:01:06,757:INFO:create_model_container: 2
2025-08-13 16:01:06,757:INFO:master_model_container: 2
2025-08-13 16:01:06,757:INFO:display_container: 3
2025-08-13 16:01:06,757:INFO:LogisticRegression(C=1.0, class_weight=None, dual=False, fit_intercept=True,
                   intercept_scaling=1, l1_ratio=None, max_iter=1000,
                   multi_class='auto', n_jobs=None, penalty='l2',
                   random_state=123, solver='lbfgs', tol=0.0001, verbose=0,
                   warm_start=False)
2025-08-13 16:01:06,758:INFO:create_model() succesfully completed......................................
2025-08-13 16:01:06,907:INFO:Initializing plot_model()
2025-08-13 16:01:06,907:INFO:plot_model(is_in_evaluate=False, verbose=True, use_train_data=False, fold=None, system=True, scale=1, save=False, plot_kwargs=None, plot=feature, label=False, groups=None, fit_kwargs=None, feature_name=None, estimator=LogisticRegression(C=1.0, class_weight=None, dual=False, fit_intercept=True,
                   intercept_scaling=1, l1_ratio=None, max_iter=1000,
                   multi_class='auto', n_jobs=None, penalty='l2',
                   random_state=123, solver='lbfgs', tol=0.0001, verbose=0,
                   warm_start=False), display_format=None, display=None)
2025-08-13 16:01:06,908:INFO:Checking exceptions
2025-08-13 16:01:06,910:INFO:Preparing display monitor
2025-08-13 16:01:06,921:INFO:Preloading libraries
2025-08-13 16:01:06,923:INFO:Copying training dataset
2025-08-13 16:01:06,924:INFO:Copying test dataset
2025-08-13 16:01:06,925:INFO:Plot type: feature
2025-08-13 16:01:07,073:INFO:Visual Rendered Successfully
2025-08-13 16:01:07,207:INFO:plot_model() succesfully completed......................................
2025-08-13 16:01:11,216:INFO:PyCaret Supervised Module
2025-08-13 16:01:11,216:INFO:ML Usecase: classification
2025-08-13 16:01:11,216:INFO:version 2.3.10
2025-08-13 16:01:11,217:INFO:Initializing setup()
2025-08-13 16:01:11,217:INFO:setup(display=None, profile_kwargs=None, profile=False, verbose=True, silent=False, log_data=False, log_profile=False, log_plots=False, experiment_custom_tags=None, experiment_name=None, log_experiment=False, session_id=123, html=True, custom_pipeline=None, use_gpu=False, n_jobs=-1, fold_groups=None, fold_shuffle=False, fold=10, fold_strategy=stratifiedkfold, data_split_stratify=False, data_split_shuffle=True, transform_target_method=box-cox, transform_target=False, fix_imbalance_method=None, fix_imbalance=False, interaction_threshold=0.01, feature_ratio=False, feature_interaction=False, feature_selection_method=classic, feature_selection_threshold=0.8, feature_selection=False, group_names=None, group_features=None, polynomial_threshold=0.1, trigonometry_features=False, polynomial_degree=2, polynomial_features=False, cluster_iter=20, create_clusters=False, remove_perfect_collinearity=True, multicollinearity_threshold=0.9, remove_multicollinearity=False, outliers_threshold=0.05, remove_outliers=False, bin_numeric_features=None, rare_level_threshold=0.1, combine_rare_levels=False, ignore_low_variance=False, pca_components=None, pca_method=linear, pca=False, unknown_categorical_method=least_frequent, handle_unknown_categorical=True, transformation_method=yeo-johnson, transformation=False, normalize_method=zscore, normalize=False, ignore_features=None, date_features=None, numeric_iterative_imputer=lightgbm, numeric_imputation=mean, numeric_features=None, high_cardinality_method=frequency, high_cardinality_features=None, ordinal_features=None, categorical_iterative_imputer=lightgbm, categorical_imputation=constant, categorical_features=None, iterative_imputation_iters=5, imputation_type=simple, preprocess=True, test_data=None, train_size=0.7, available_plots={'parameter': 'Hyperparameters', 'auc': 'AUC', 'confusion_matrix': 'Confusion Matrix', 'threshold': 'Threshold', 'pr': 'Precision Recall', 'error': 'Prediction Error', 'class_report': 'Class Report', 'rfe': 'Feature Selection', 'learning': 'Learning Curve', 'manifold': 'Manifold Learning', 'calibration': 'Calibration Curve', 'vc': 'Validation Curve', 'dimension': 'Dimensions', 'feature': 'Feature Importance', 'feature_all': 'Feature Importance (All)', 'boundary': 'Decision Boundary', 'lift': 'Lift Chart', 'gain': 'Gain Chart', 'tree': 'Decision Tree', 'ks': 'KS Statistic Plot'}, ml_usecase=classification, target=mau)
2025-08-13 16:01:11,217:INFO:Checking environment
2025-08-13 16:01:11,217:INFO:python_version: 3.6.13
2025-08-13 16:01:11,217:INFO:python_build: ('default', 'Mar 16 2021 11:37:27')
2025-08-13 16:01:11,217:INFO:machine: AMD64
2025-08-13 16:01:11,217:INFO:platform: Windows-10-10.0.26100-SP0
2025-08-13 16:01:11,218:WARNING:cannot find psutil installation. memory not traceable. Install psutil using pip to enable memory logging.
2025-08-13 16:01:11,218:INFO:Checking libraries
2025-08-13 16:01:11,218:INFO:pd==1.1.5
2025-08-13 16:01:11,218:INFO:numpy==1.19.5
2025-08-13 16:01:11,218:INFO:sklearn==0.23.2
2025-08-13 16:01:11,218:INFO:lightgbm==4.3.0
2025-08-13 16:01:11,219:WARNING:catboost not found
2025-08-13 16:01:11,220:WARNING:xgboost not found
2025-08-13 16:01:11,220:INFO:mlflow==1.23.1
2025-08-13 16:01:11,220:INFO:Checking Exceptions
2025-08-13 16:01:11,220:INFO:Declaring global variables
2025-08-13 16:01:11,220:INFO:USI: f39b
2025-08-13 16:01:11,220:INFO:pycaret_globals: {'fold_groups_param_full', 'target_param', 'stratify_param', 'experiment__', 'transform_target_method_param', 'data_before_preprocess', 'log_plots_param', 'exp_name_log', 'X_train', 'fold_param', 'imputation_classifier', 'X_test', 'USI', 'logging_param', 'fix_imbalance_param', '_available_plots', 'n_jobs_param', 'gpu_param', 'y_test', 'fold_groups_param', 'master_model_container', 'prep_pipe', 'fold_shuffle_param', '_all_models', 'create_model_container', 'pycaret_globals', '_all_metrics', 'transform_target_param', 'html_param', '_ml_usecase', 'fix_imbalance_method_param', 'y_train', 'X', '_all_models_internal', '_gpu_n_jobs_param', 'seed', 'imputation_regressor', 'iterative_imputation_iters_param', 'display_container', 'dashboard_logger', '_internal_pipeline', 'y', 'fold_generator'}
2025-08-13 16:01:11,220:INFO:Preparing display monitor
2025-08-13 16:01:11,220:INFO:Preparing display monitor
2025-08-13 16:01:11,231:INFO:Importing libraries
2025-08-13 16:01:11,231:INFO:Copying data for preprocessing
2025-08-13 16:01:11,270:INFO:Declaring preprocessing parameters
2025-08-13 16:01:11,353:INFO:Creating preprocessing pipeline
2025-08-13 16:01:12,161:INFO:Preprocessing pipeline created successfully
2025-08-13 16:01:12,161:ERROR:(Process Exit): setup has been interupted with user command 'quit'. setup must rerun.
2025-08-13 16:01:12,163:INFO:Creating global containers
2025-08-13 16:01:12,163:INFO:Internal pipeline: Pipeline(memory=None, steps=[('empty_step', 'passthrough')], verbose=False)
2025-08-13 16:02:47,490:WARNING:Couldn't import xgboost.XGBClassifier
2025-08-13 16:02:47,491:WARNING:Couldn't import catboost.CatBoostClassifier
2025-08-13 16:02:47,555:WARNING:Couldn't import xgboost.XGBClassifier
2025-08-13 16:02:47,556:WARNING:Couldn't import catboost.CatBoostClassifier
2025-08-13 16:02:47,557:INFO:Creating grid variables
2025-08-13 16:02:47,748:INFO:create_model_container: 0
2025-08-13 16:02:47,748:INFO:master_model_container: 0
2025-08-13 16:02:47,749:INFO:display_container: 1
2025-08-13 16:02:47,753:INFO:Pipeline(memory=None,
         steps=[('dtypes',
                 DataTypes_Auto_infer(categorical_features=[],
                                      display_types=True, features_todrop=[],
                                      id_columns=[],
                                      ml_usecase='classification',
                                      numerical_features=[], target='mau',
                                      time_features=[])),
                ('imputer',
                 Simple_Imputer(categorical_strategy='not_available',
                                fill_value_categorical=None,
                                fill_value_numerical=None,
                                numeric_strategy...
                ('scaling', 'passthrough'), ('P_transform', 'passthrough'),
                ('binn', 'passthrough'), ('rem_outliers', 'passthrough'),
                ('cluster_all', 'passthrough'),
                ('dummy', Dummify(target='mau')),
                ('fix_perfect', Remove_100(target='mau')),
                ('clean_names', Clean_Colum_Names()),
                ('feature_select', 'passthrough'), ('fix_multi', 'passthrough'),
                ('dfs', 'passthrough'), ('pca', 'passthrough')],
         verbose=False)
2025-08-13 16:02:47,754:INFO:setup() succesfully completed......................................
2025-08-13 16:02:47,950:INFO:Initializing create_model()
2025-08-13 16:02:47,950:INFO:create_model(kwargs={}, return_train_score=False, display=None, probability_threshold=None, add_to_model_list=True, experiment_custom_tags=None, metrics=None, system=True, verbose=True, refit=True, groups=None, fit_kwargs=None, predict=True, cross_validation=True, round=4, fold=None, estimator=lightgbm)
2025-08-13 16:02:47,951:INFO:Checking exceptions
2025-08-13 16:02:47,951:INFO:Preparing display monitor
2025-08-13 16:02:47,973:INFO:Importing libraries
2025-08-13 16:02:47,973:INFO:Copying training dataset
2025-08-13 16:02:48,006:INFO:Defining folds
2025-08-13 16:02:48,006:INFO:Declaring metric variables
2025-08-13 16:02:48,015:INFO:Importing untrained model
2025-08-13 16:02:48,024:INFO:Light Gradient Boosting Machine Imported succesfully
2025-08-13 16:02:48,044:INFO:Starting cross validation
2025-08-13 16:02:48,045:INFO:Cross validating with StratifiedKFold(n_splits=10, random_state=None, shuffle=False), n_jobs=-1
2025-08-13 16:03:01,757:INFO:Calculating mean and std
2025-08-13 16:03:01,758:INFO:Creating metrics dataframe
2025-08-13 16:03:01,767:INFO:Finalizing model
2025-08-13 16:03:03,160:INFO:Uploading results into container
2025-08-13 16:03:03,161:INFO:Uploading model into container now
2025-08-13 16:03:03,184:INFO:create_model_container: 1
2025-08-13 16:03:03,184:INFO:master_model_container: 1
2025-08-13 16:03:03,185:INFO:display_container: 2
2025-08-13 16:03:03,186:INFO:LGBMClassifier(boosting_type='gbdt', class_weight=None, colsample_bytree=1.0,
               importance_type='split', learning_rate=0.1, max_depth=-1,
               min_child_samples=20, min_child_weight=0.001, min_split_gain=0.0,
               n_estimators=100, n_jobs=-1, num_leaves=31, objective=None,
               random_state=123, reg_alpha=0.0, reg_lambda=0.0, subsample=1.0,
               subsample_for_bin=200000, subsample_freq=0)
2025-08-13 16:03:03,186:INFO:create_model() succesfully completed......................................
2025-08-13 16:03:03,346:INFO:Initializing tune_model()
2025-08-13 16:03:03,346:INFO:tune_model(kwargs={}, return_train_score=False, display=None, tuner_verbose=True, verbose=True, return_tuner=False, groups=None, fit_kwargs=None, choose_better=False, early_stopping_max_iters=10, early_stopping=False, search_algorithm=None, search_library=scikit-learn, custom_scorer=None, optimize=Accuracy, custom_grid=None, n_iter=10, round=4, fold=None, estimator=LGBMClassifier(boosting_type='gbdt', class_weight=None, colsample_bytree=1.0,
               importance_type='split', learning_rate=0.1, max_depth=-1,
               min_child_samples=20, min_child_weight=0.001, min_split_gain=0.0,
               n_estimators=100, n_jobs=-1, num_leaves=31, objective=None,
               random_state=123, reg_alpha=0.0, reg_lambda=0.0, subsample=1.0,
               subsample_for_bin=200000, subsample_freq=0))
2025-08-13 16:03:03,347:INFO:Checking exceptions
2025-08-13 16:03:03,355:INFO:Preparing display monitor
2025-08-13 16:03:03,376:INFO:Copying training dataset
2025-08-13 16:03:03,408:INFO:Checking base model
2025-08-13 16:03:03,408:INFO:Base model : Light Gradient Boosting Machine
2025-08-13 16:03:03,416:INFO:Declaring metric variables
2025-08-13 16:03:03,423:INFO:Defining Hyperparameters
2025-08-13 16:03:03,537:INFO:Tuning with n_jobs=-1
2025-08-13 16:03:03,537:INFO:Initializing RandomizedSearchCV
2025-08-13 16:05:44,489:INFO:best_params: {'actual_estimator__reg_lambda': 0.1, 'actual_estimator__reg_alpha': 0.0001, 'actual_estimator__num_leaves': 10, 'actual_estimator__n_estimators': 180, 'actual_estimator__min_split_gain': 0.7, 'actual_estimator__min_child_samples': 96, 'actual_estimator__learning_rate': 0.05, 'actual_estimator__feature_fraction': 0.9, 'actual_estimator__bagging_freq': 4, 'actual_estimator__bagging_fraction': 0.6}
2025-08-13 16:05:44,491:INFO:Hyperparameter search completed
2025-08-13 16:05:44,491:INFO:SubProcess create_model() called ==================================
2025-08-13 16:05:44,492:INFO:Initializing create_model()
2025-08-13 16:05:44,492:INFO:create_model(kwargs={'reg_lambda': 0.1, 'reg_alpha': 0.0001, 'num_leaves': 10, 'n_estimators': 180, 'min_split_gain': 0.7, 'min_child_samples': 96, 'learning_rate': 0.05, 'feature_fraction': 0.9, 'bagging_freq': 4, 'bagging_fraction': 0.6}, return_train_score=False, display=<pycaret.internal.Display.Display object at 0x0000027A08347CF8>, probability_threshold=None, add_to_model_list=True, experiment_custom_tags=None, metrics=None, system=False, verbose=True, refit=True, groups=None, fit_kwargs={}, predict=True, cross_validation=True, round=4, fold=StratifiedKFold(n_splits=10, random_state=None, shuffle=False), estimator=LGBMClassifier(boosting_type='gbdt', class_weight=None, colsample_bytree=1.0,
               importance_type='split', learning_rate=0.1, max_depth=-1,
               min_child_samples=20, min_child_weight=0.001, min_split_gain=0.0,
               n_estimators=100, n_jobs=-1, num_leaves=31, objective=None,
               random_state=123, reg_alpha=0.0, reg_lambda=0.0, subsample=1.0,
               subsample_for_bin=200000, subsample_freq=0))
2025-08-13 16:05:44,493:INFO:Checking exceptions
2025-08-13 16:05:44,493:INFO:Importing libraries
2025-08-13 16:05:44,493:INFO:Copying training dataset
2025-08-13 16:05:44,526:INFO:Defining folds
2025-08-13 16:05:44,527:INFO:Declaring metric variables
2025-08-13 16:05:44,540:INFO:Importing untrained model
2025-08-13 16:05:44,541:INFO:Declaring custom model
2025-08-13 16:05:44,556:INFO:Light Gradient Boosting Machine Imported succesfully
2025-08-13 16:05:44,581:INFO:Starting cross validation
2025-08-13 16:05:44,582:INFO:Cross validating with StratifiedKFold(n_splits=10, random_state=None, shuffle=False), n_jobs=-1
2025-08-13 16:05:57,167:INFO:Calculating mean and std
2025-08-13 16:05:57,168:INFO:Creating metrics dataframe
2025-08-13 16:05:57,178:INFO:Finalizing model
2025-08-13 16:05:58,982:INFO:Uploading results into container
2025-08-13 16:05:58,982:INFO:Uploading model into container now
2025-08-13 16:05:58,983:INFO:create_model_container: 2
2025-08-13 16:05:58,983:INFO:master_model_container: 2
2025-08-13 16:05:58,983:INFO:display_container: 3
2025-08-13 16:05:58,984:INFO:LGBMClassifier(bagging_fraction=0.6, bagging_freq=4, boosting_type='gbdt',
               class_weight=None, colsample_bytree=1.0, feature_fraction=0.9,
               importance_type='split', learning_rate=0.05, max_depth=-1,
               min_child_samples=96, min_child_weight=0.001, min_split_gain=0.7,
               n_estimators=180, n_jobs=-1, num_leaves=10, objective=None,
               random_state=123, reg_alpha=0.0001, reg_lambda=0.1,
               subsample=1.0, subsample_for_bin=200000, subsample_freq=0)
2025-08-13 16:05:58,984:INFO:create_model() succesfully completed......................................
2025-08-13 16:05:59,176:INFO:SubProcess create_model() end ==================================
2025-08-13 16:05:59,191:INFO:create_model_container: 2
2025-08-13 16:05:59,191:INFO:master_model_container: 2
2025-08-13 16:05:59,191:INFO:display_container: 3
2025-08-13 16:05:59,191:INFO:LGBMClassifier(bagging_fraction=0.6, bagging_freq=4, boosting_type='gbdt',
               class_weight=None, colsample_bytree=1.0, feature_fraction=0.9,
               importance_type='split', learning_rate=0.05, max_depth=-1,
               min_child_samples=96, min_child_weight=0.001, min_split_gain=0.7,
               n_estimators=180, n_jobs=-1, num_leaves=10, objective=None,
               random_state=123, reg_alpha=0.0001, reg_lambda=0.1,
               subsample=1.0, subsample_for_bin=200000, subsample_freq=0)
2025-08-13 16:05:59,191:INFO:tune_model() succesfully completed......................................
2025-08-13 16:05:59,334:INFO:Initializing plot_model()
2025-08-13 16:05:59,334:INFO:plot_model(is_in_evaluate=False, verbose=True, use_train_data=False, fold=None, system=True, scale=1, save=False, plot_kwargs=None, plot=auc, label=False, groups=None, fit_kwargs=None, feature_name=None, estimator=LGBMClassifier(bagging_fraction=0.6, bagging_freq=4, boosting_type='gbdt',
               class_weight=None, colsample_bytree=1.0, feature_fraction=0.9,
               importance_type='split', learning_rate=0.05, max_depth=-1,
               min_child_samples=96, min_child_weight=0.001, min_split_gain=0.7,
               n_estimators=180, n_jobs=-1, num_leaves=10, objective=None,
               random_state=123, reg_alpha=0.0001, reg_lambda=0.1,
               subsample=1.0, subsample_for_bin=200000, subsample_freq=0), display_format=None, display=None)
2025-08-13 16:05:59,334:INFO:Checking exceptions
2025-08-13 16:05:59,340:INFO:Preparing display monitor
2025-08-13 16:05:59,347:INFO:Preloading libraries
2025-08-13 16:05:59,353:INFO:Copying training dataset
2025-08-13 16:05:59,378:INFO:Copying test dataset
2025-08-13 16:05:59,424:INFO:Plot type: auc
2025-08-13 16:05:59,426:INFO:Initializing get_config()
2025-08-13 16:05:59,426:INFO:get_config(variable=prep_pipe)
2025-08-13 16:05:59,433:INFO:Global variable: prep_pipe returned as Pipeline(memory=None,
         steps=[('dtypes',
                 DataTypes_Auto_infer(categorical_features=[],
                                      display_types=True, features_todrop=[],
                                      id_columns=[],
                                      ml_usecase='classification',
                                      numerical_features=[], target='mau',
                                      time_features=[])),
                ('imputer',
                 Simple_Imputer(categorical_strategy='not_available',
                                fill_value_categorical=None,
                                fill_value_numerical=None,
                                numeric_strategy...
                ('scaling', 'passthrough'), ('P_transform', 'passthrough'),
                ('binn', 'passthrough'), ('rem_outliers', 'passthrough'),
                ('cluster_all', 'passthrough'),
                ('dummy', Dummify(target='mau')),
                ('fix_perfect', Remove_100(target='mau')),
                ('clean_names', Clean_Colum_Names()),
                ('feature_select', 'passthrough'), ('fix_multi', 'passthrough'),
                ('dfs', 'passthrough'), ('pca', 'passthrough')],
         verbose=False)
2025-08-13 16:05:59,434:INFO:get_config() succesfully completed......................................
2025-08-13 16:05:59,436:INFO:Fitting Model
2025-08-13 16:05:59,452:INFO:Scoring test/hold-out set
2025-08-13 16:06:00,194:INFO:Visual Rendered Successfully
2025-08-13 16:06:00,312:INFO:plot_model() succesfully completed......................................
2025-08-13 16:06:00,341:INFO:Initializing plot_model()
2025-08-13 16:06:00,341:INFO:plot_model(is_in_evaluate=False, verbose=True, use_train_data=False, fold=None, system=True, scale=1, save=False, plot_kwargs=None, plot=pr, label=False, groups=None, fit_kwargs=None, feature_name=None, estimator=LGBMClassifier(bagging_fraction=0.6, bagging_freq=4, boosting_type='gbdt',
               class_weight=None, colsample_bytree=1.0, feature_fraction=0.9,
               importance_type='split', learning_rate=0.05, max_depth=-1,
               min_child_samples=96, min_child_weight=0.001, min_split_gain=0.7,
               n_estimators=180, n_jobs=-1, num_leaves=10, objective=None,
               random_state=123, reg_alpha=0.0001, reg_lambda=0.1,
               subsample=1.0, subsample_for_bin=200000, subsample_freq=0), display_format=None, display=None)
2025-08-13 16:06:00,342:INFO:Checking exceptions
2025-08-13 16:06:00,346:INFO:Preparing display monitor
2025-08-13 16:06:00,351:INFO:Preloading libraries
2025-08-13 16:06:00,357:INFO:Copying training dataset
2025-08-13 16:06:00,375:INFO:Copying test dataset
2025-08-13 16:06:00,382:INFO:Plot type: pr
2025-08-13 16:06:00,385:INFO:Fitting Model
2025-08-13 16:06:00,409:INFO:Scoring test/hold-out set
2025-08-13 16:06:01,029:INFO:Visual Rendered Successfully
2025-08-13 16:06:01,130:INFO:plot_model() succesfully completed......................................
2025-08-13 16:06:01,163:INFO:Initializing plot_model()
2025-08-13 16:06:01,163:INFO:plot_model(is_in_evaluate=False, verbose=True, use_train_data=False, fold=None, system=True, scale=1, save=False, plot_kwargs=None, plot=feature, label=False, groups=None, fit_kwargs=None, feature_name=None, estimator=LGBMClassifier(bagging_fraction=0.6, bagging_freq=4, boosting_type='gbdt',
               class_weight=None, colsample_bytree=1.0, feature_fraction=0.9,
               importance_type='split', learning_rate=0.05, max_depth=-1,
               min_child_samples=96, min_child_weight=0.001, min_split_gain=0.7,
               n_estimators=180, n_jobs=-1, num_leaves=10, objective=None,
               random_state=123, reg_alpha=0.0001, reg_lambda=0.1,
               subsample=1.0, subsample_for_bin=200000, subsample_freq=0), display_format=None, display=None)
2025-08-13 16:06:01,163:INFO:Checking exceptions
2025-08-13 16:06:01,168:INFO:Preparing display monitor
2025-08-13 16:06:01,173:INFO:Preloading libraries
2025-08-13 16:06:01,178:INFO:Copying training dataset
2025-08-13 16:06:01,196:INFO:Copying test dataset
2025-08-13 16:06:01,204:INFO:Plot type: feature
2025-08-13 16:06:01,206:WARNING:No coef_ found. Trying feature_importances_
2025-08-13 16:06:01,329:INFO:Visual Rendered Successfully
2025-08-13 16:06:01,435:INFO:plot_model() succesfully completed......................................
2025-08-13 16:06:01,465:INFO:Initializing plot_model()
2025-08-13 16:06:01,465:INFO:plot_model(is_in_evaluate=False, verbose=True, use_train_data=False, fold=None, system=True, scale=1, save=False, plot_kwargs=None, plot=confusion_matrix, label=False, groups=None, fit_kwargs=None, feature_name=None, estimator=LGBMClassifier(bagging_fraction=0.6, bagging_freq=4, boosting_type='gbdt',
               class_weight=None, colsample_bytree=1.0, feature_fraction=0.9,
               importance_type='split', learning_rate=0.05, max_depth=-1,
               min_child_samples=96, min_child_weight=0.001, min_split_gain=0.7,
               n_estimators=180, n_jobs=-1, num_leaves=10, objective=None,
               random_state=123, reg_alpha=0.0001, reg_lambda=0.1,
               subsample=1.0, subsample_for_bin=200000, subsample_freq=0), display_format=None, display=None)
2025-08-13 16:06:01,465:INFO:Checking exceptions
2025-08-13 16:06:01,469:INFO:Preparing display monitor
2025-08-13 16:06:01,474:INFO:Preloading libraries
2025-08-13 16:06:01,480:INFO:Copying training dataset
2025-08-13 16:06:01,497:INFO:Copying test dataset
2025-08-13 16:06:01,505:INFO:Plot type: confusion_matrix
2025-08-13 16:06:01,508:INFO:Initializing get_config()
2025-08-13 16:06:01,508:INFO:get_config(variable=prep_pipe)
2025-08-13 16:06:01,513:INFO:Global variable: prep_pipe returned as Pipeline(memory=None,
         steps=[('dtypes',
                 DataTypes_Auto_infer(categorical_features=[],
                                      display_types=True, features_todrop=[],
                                      id_columns=[],
                                      ml_usecase='classification',
                                      numerical_features=[], target='mau',
                                      time_features=[])),
                ('imputer',
                 Simple_Imputer(categorical_strategy='not_available',
                                fill_value_categorical=None,
                                fill_value_numerical=None,
                                numeric_strategy...
                ('scaling', 'passthrough'), ('P_transform', 'passthrough'),
                ('binn', 'passthrough'), ('rem_outliers', 'passthrough'),
                ('cluster_all', 'passthrough'),
                ('dummy', Dummify(target='mau')),
                ('fix_perfect', Remove_100(target='mau')),
                ('clean_names', Clean_Colum_Names()),
                ('feature_select', 'passthrough'), ('fix_multi', 'passthrough'),
                ('dfs', 'passthrough'), ('pca', 'passthrough')],
         verbose=False)
2025-08-13 16:06:01,513:INFO:get_config() succesfully completed......................................
2025-08-13 16:06:01,514:INFO:Fitting Model
2025-08-13 16:06:01,522:INFO:Scoring test/hold-out set
2025-08-13 16:06:02,339:INFO:Visual Rendered Successfully
2025-08-13 16:06:02,438:INFO:plot_model() succesfully completed......................................
2025-08-13 16:06:02,470:INFO:Initializing finalize_model()
2025-08-13 16:06:02,470:INFO:finalize_model(return_train_score=False, experiment_custom_tags=None, display=None, model_only=True, groups=None, fit_kwargs=None, estimator=LGBMClassifier(bagging_fraction=0.6, bagging_freq=4, boosting_type='gbdt',
               class_weight=None, colsample_bytree=1.0, feature_fraction=0.9,
               importance_type='split', learning_rate=0.05, max_depth=-1,
               min_child_samples=96, min_child_weight=0.001, min_split_gain=0.7,
               n_estimators=180, n_jobs=-1, num_leaves=10, objective=None,
               random_state=123, reg_alpha=0.0001, reg_lambda=0.1,
               subsample=1.0, subsample_for_bin=200000, subsample_freq=0))
2025-08-13 16:06:02,471:INFO:Finalizing LGBMClassifier(bagging_fraction=0.6, bagging_freq=4, boosting_type='gbdt',
               class_weight=None, colsample_bytree=1.0, feature_fraction=0.9,
               importance_type='split', learning_rate=0.05, max_depth=-1,
               min_child_samples=96, min_child_weight=0.001, min_split_gain=0.7,
               n_estimators=180, n_jobs=-1, num_leaves=10, objective=None,
               random_state=123, reg_alpha=0.0001, reg_lambda=0.1,
               subsample=1.0, subsample_for_bin=200000, subsample_freq=0)
2025-08-13 16:06:02,471:INFO:Initializing create_model()
2025-08-13 16:06:02,472:INFO:create_model(kwargs={}, return_train_score=False, display=None, probability_threshold=None, add_to_model_list=False, experiment_custom_tags=None, metrics=None, system=False, verbose=False, refit=True, groups=None, fit_kwargs={}, predict=True, cross_validation=True, round=4, fold=None, estimator=LGBMClassifier(bagging_fraction=0.6, bagging_freq=4, boosting_type='gbdt',
               class_weight=None, colsample_bytree=1.0, feature_fraction=0.9,
               importance_type='split', learning_rate=0.05, max_depth=-1,
               min_child_samples=96, min_child_weight=0.001, min_split_gain=0.7,
               n_estimators=180, n_jobs=-1, num_leaves=10, objective=None,
               random_state=123, reg_alpha=0.0001, reg_lambda=0.1,
               subsample=1.0, subsample_for_bin=200000, subsample_freq=0))
2025-08-13 16:06:02,472:INFO:Checking exceptions
2025-08-13 16:06:02,472:INFO:Importing libraries
2025-08-13 16:06:02,472:INFO:Copying training dataset
2025-08-13 16:06:02,555:INFO:Defining folds
2025-08-13 16:06:02,555:INFO:Declaring metric variables
2025-08-13 16:06:02,555:INFO:Importing untrained model
2025-08-13 16:06:02,555:INFO:Declaring custom model
2025-08-13 16:06:02,556:INFO:Light Gradient Boosting Machine Imported succesfully
2025-08-13 16:06:02,556:INFO:Starting cross validation
2025-08-13 16:06:02,556:INFO:Cross validating with StratifiedKFold(n_splits=10, random_state=None, shuffle=False), n_jobs=-1
2025-08-13 16:06:19,366:INFO:Calculating mean and std
2025-08-13 16:06:19,366:INFO:Creating metrics dataframe
2025-08-13 16:06:19,369:INFO:Finalizing model
2025-08-13 16:06:21,630:INFO:create_model_container: 2
2025-08-13 16:06:21,630:INFO:master_model_container: 2
2025-08-13 16:06:21,630:INFO:display_container: 4
2025-08-13 16:06:21,630:INFO:LGBMClassifier(bagging_fraction=0.6, bagging_freq=4, boosting_type='gbdt',
               class_weight=None, colsample_bytree=1.0, feature_fraction=0.9,
               importance_type='split', learning_rate=0.05, max_depth=-1,
               min_child_samples=96, min_child_weight=0.001, min_split_gain=0.7,
               n_estimators=180, n_jobs=-1, num_leaves=10, objective=None,
               random_state=123, reg_alpha=0.0001, reg_lambda=0.1,
               subsample=1.0, subsample_for_bin=200000, subsample_freq=0)
2025-08-13 16:06:21,630:INFO:create_model() succesfully completed......................................
2025-08-13 16:06:21,760:INFO:create_model_container: 2
2025-08-13 16:06:21,760:INFO:master_model_container: 2
2025-08-13 16:06:21,760:INFO:display_container: 3
2025-08-13 16:06:21,760:INFO:LGBMClassifier(bagging_fraction=0.6, bagging_freq=4, boosting_type='gbdt',
               class_weight=None, colsample_bytree=1.0, feature_fraction=0.9,
               importance_type='split', learning_rate=0.05, max_depth=-1,
               min_child_samples=96, min_child_weight=0.001, min_split_gain=0.7,
               n_estimators=180, n_jobs=-1, num_leaves=10, objective=None,
               random_state=123, reg_alpha=0.0001, reg_lambda=0.1,
               subsample=1.0, subsample_for_bin=200000, subsample_freq=0)
2025-08-13 16:06:21,760:INFO:finalize_model() succesfully completed......................................
2025-08-13 16:06:21,864:INFO:Initializing get_config()
2025-08-13 16:06:21,864:INFO:get_config(variable=prep_pipe)
2025-08-13 16:06:21,868:INFO:Global variable: prep_pipe returned as Pipeline(memory=None,
         steps=[('dtypes',
                 DataTypes_Auto_infer(categorical_features=[],
                                      display_types=True, features_todrop=[],
                                      id_columns=[],
                                      ml_usecase='classification',
                                      numerical_features=[], target='mau',
                                      time_features=[])),
                ('imputer',
                 Simple_Imputer(categorical_strategy='not_available',
                                fill_value_categorical=None,
                                fill_value_numerical=None,
                                numeric_strategy...
                ('scaling', 'passthrough'), ('P_transform', 'passthrough'),
                ('binn', 'passthrough'), ('rem_outliers', 'passthrough'),
                ('cluster_all', 'passthrough'),
                ('dummy', Dummify(target='mau')),
                ('fix_perfect', Remove_100(target='mau')),
                ('clean_names', Clean_Colum_Names()),
                ('feature_select', 'passthrough'), ('fix_multi', 'passthrough'),
                ('dfs', 'passthrough'), ('pca', 'passthrough')],
         verbose=False)
2025-08-13 16:06:21,868:INFO:get_config() succesfully completed......................................
2025-08-13 16:45:00,973:INFO:Initializing save_model()
2025-08-13 16:45:00,973:INFO:save_model(kwargs={}, verbose=True, prep_pipe_=Pipeline(memory=None,
         steps=[('dtypes',
                 DataTypes_Auto_infer(categorical_features=[],
                                      display_types=True, features_todrop=[],
                                      id_columns=[],
                                      ml_usecase='classification',
                                      numerical_features=[], target='mau',
                                      time_features=[])),
                ('imputer',
                 Simple_Imputer(categorical_strategy='not_available',
                                fill_value_categorical=None,
                                fill_value_numerical=None,
                                numeric_strategy...
                ('scaling', 'passthrough'), ('P_transform', 'passthrough'),
                ('binn', 'passthrough'), ('rem_outliers', 'passthrough'),
                ('cluster_all', 'passthrough'),
                ('dummy', Dummify(target='mau')),
                ('fix_perfect', Remove_100(target='mau')),
                ('clean_names', Clean_Colum_Names()),
                ('feature_select', 'passthrough'), ('fix_multi', 'passthrough'),
                ('dfs', 'passthrough'), ('pca', 'passthrough')],
         verbose=False), model_name=modelo_lightgbm, model=LGBMClassifier(bagging_fraction=0.6, bagging_freq=4, boosting_type='gbdt',
               class_weight=None, colsample_bytree=1.0, feature_fraction=0.9,
               importance_type='split', learning_rate=0.05, max_depth=-1,
               min_child_samples=96, min_child_weight=0.001, min_split_gain=0.7,
               n_estimators=180, n_jobs=-1, num_leaves=10, objective=None,
               random_state=123, reg_alpha=0.0001, reg_lambda=0.1,
               subsample=1.0, subsample_for_bin=200000, subsample_freq=0))
2025-08-13 16:45:00,973:INFO:Adding model into prep_pipe
2025-08-13 16:45:00,995:INFO:modelo_lightgbm.pkl saved in current working directory
2025-08-13 16:45:01,003:INFO:Pipeline(memory=None,
         steps=[('dtypes',
                 DataTypes_Auto_infer(categorical_features=[],
                                      display_types=True, features_todrop=[],
                                      id_columns=[],
                                      ml_usecase='classification',
                                      numerical_features=[], target='mau',
                                      time_features=[])),
                ('imputer',
                 Simple_Imputer(categorical_strategy='not_available',
                                fill_value_categorical=None,
                                fill_value_numerical=None,
                                numeric_strategy...
                                boosting_type='gbdt', class_weight=None,
                                colsample_bytree=1.0, feature_fraction=0.9,
                                importance_type='split', learning_rate=0.05,
                                max_depth=-1, min_child_samples=96,
                                min_child_weight=0.001, min_split_gain=0.7,
                                n_estimators=180, n_jobs=-1, num_leaves=10,
                                objective=None, random_state=123,
                                reg_alpha=0.0001, reg_lambda=0.1, subsample=1.0,
                                subsample_for_bin=200000, subsample_freq=0)]],
         verbose=False)
2025-08-13 16:45:01,004:INFO:save_model() successfully completed......................................
